<html>
<body>
<pre>
<h1>礦ision Build Log</h1>
<h2>Tool Versions:</h2>
IDE-Version: μVision V5.15
Copyright (C) 2015 ARM Ltd and ARM Germany GmbH. All rights reserved.
License Information: ewq Lenovo, 2, LIC=32B1Q-N4H82-ARZXW-QYBEW-LJ2CW-Z2623
 
Tool Versions:
Toolchain:       MDK-ARM Standard  Version: 5.15.0
Toolchain Path:  E:\KEIL_5\ARM\ARMCC\Bin
C Compiler:      Armcc.exe V5.05 update 2 (build 169)
Assembler:       Armasm.exe V5.05 update 2 (build 169)
Linker/Locator:  ArmLink.exe V5.05 update 2 (build 169)
Library Manager: ArmAr.exe V5.05 update 2 (build 169)
Hex Converter:   FromElf.exe V5.05 update 2 (build 169)
CPU DLL:         SARMCM3.DLL V5.15.0
Dialog DLL:      DCM.DLL V1.13.2.0
Target DLL:      CMSIS_AGDI.dll V1.21.12.0
Dialog DLL:      TCM.DLL V1.14.5.0
 
<h2>Project:</h2>
D:\资料\嵌入式开发\电赛\送药小车\ours\MDK-ARM\project_template3.uvprojx
Project File Date:  07/24/2022

<h2>Output:</h2>
*** Using Compiler 'V5.05 update 2 (build 169)', folder: 'E:\KEIL_5\ARM\ARMCC\Bin'
Build target 'project_template3'
compiling main.c...
..\Users\callback\callback_tim.h(8): warning:  #1-D: last line of file ends without a newline
  #endif // !CALLBACK_TIM
..\Users\key\key.h(19): warning:  #1295-D: Deprecated declaration KeyScan - give arg types
  void KeyScan();
..\Users\ble\ble.h(30): warning:  #1295-D: Deprecated declaration SendDataToBle - give arg types
  void SendDataToBle();
..\Users\computer_uart\computer_uart.h(26): warning:  #1295-D: Deprecated declaration Computer_Receive_Data - give arg types
  void Computer_Receive_Data();
..\Users\computer_uart\computer_uart.h(29): warning:  #1295-D: Deprecated declaration Computer_Data_Handle - give arg types
  void Computer_Data_Handle();
..\Users\mpu6050\mpu6050.h(55): warning:  #1295-D: Deprecated declaration Mpu_Read_Yaw - give arg types
  float Mpu_Read_Yaw();
../Core/Src/main.c: 6 warnings, 0 errors
linking...
Program Size: Code=29698 RO-data=678 RW-data=272 ZI-data=3152  
FromELF: creating hex file...
"project_template3\project_template3.axf" - 0 Error(s), 6 Warning(s).

<h2>Software Packages used:</h2>

Package Vendor: ARM
                http://www.keil.com/pack/ARM.CMSIS.4.3.0.pack
                ARM::CMSIS:CORE:4.1.0
                CMSIS (Cortex Microcontroller Software Interface Standard)
   * Component: CORE Version: 4.1.0

<h2>Collection of Component include folders:</h2>
  D:\资料\嵌入式开发\电赛\送药小车\ours\MDK-ARM\RTE
  E:\KEIL_5\ARM\PACK\ARM\CMSIS\4.3.0\CMSIS\Include
  E:\KEIL_5\ARM\PACK\Keil\STM32F4xx_DFP\2.5.0\Drivers\CMSIS\Device\ST\STM32F4xx\Include

<h2>Collection of Component Files used:</h2>

   * Component: ARM::CMSIS:CORE:4.1.0
</pre>
</body>
</html>
