Component: ARM Compiler 5.05 update 2 (build 169) Tool: armlink [4d0f33]

==============================================================================

Section Cross References

    bsp_delay.o(i.delay_init) refers to stm32f4xx_hal_cortex.o(i.HAL_SYSTICK_CLKSourceConfig) for HAL_SYSTICK_CLKSourceConfig
    bsp_delay.o(i.delay_init) refers to bsp_delay.o(.data) for .data
    bsp_delay.o(i.delay_ms) refers to bsp_delay.o(i.delay_us) for delay_us
    bsp_delay.o(i.delay_us) refers to bsp_delay.o(.data) for .data
    startup_stm32f407xx.o(RESET) refers to startup_stm32f407xx.o(STACK) for __initial_sp
    startup_stm32f407xx.o(RESET) refers to startup_stm32f407xx.o(.text) for Reset_Handler
    startup_stm32f407xx.o(RESET) refers to stm32f4xx_it.o(i.NMI_Handler) for NMI_Handler
    startup_stm32f407xx.o(RESET) refers to stm32f4xx_it.o(i.HardFault_Handler) for HardFault_Handler
    startup_stm32f407xx.o(RESET) refers to stm32f4xx_it.o(i.MemManage_Handler) for MemManage_Handler
    startup_stm32f407xx.o(RESET) refers to stm32f4xx_it.o(i.BusFault_Handler) for BusFault_Handler
    startup_stm32f407xx.o(RESET) refers to stm32f4xx_it.o(i.UsageFault_Handler) for UsageFault_Handler
    startup_stm32f407xx.o(RESET) refers to stm32f4xx_it.o(i.SVC_Handler) for SVC_Handler
    startup_stm32f407xx.o(RESET) refers to stm32f4xx_it.o(i.DebugMon_Handler) for DebugMon_Handler
    startup_stm32f407xx.o(RESET) refers to stm32f4xx_it.o(i.PendSV_Handler) for PendSV_Handler
    startup_stm32f407xx.o(RESET) refers to stm32f4xx_it.o(i.SysTick_Handler) for SysTick_Handler
    startup_stm32f407xx.o(RESET) refers to stm32f4xx_it.o(i.EXTI1_IRQHandler) for EXTI1_IRQHandler
    startup_stm32f407xx.o(RESET) refers to stm32f4xx_it.o(i.TIM1_BRK_TIM9_IRQHandler) for TIM1_BRK_TIM9_IRQHandler
    startup_stm32f407xx.o(RESET) refers to stm32f4xx_it.o(i.TIM1_UP_TIM10_IRQHandler) for TIM1_UP_TIM10_IRQHandler
    startup_stm32f407xx.o(RESET) refers to stm32f4xx_it.o(i.TIM1_TRG_COM_TIM11_IRQHandler) for TIM1_TRG_COM_TIM11_IRQHandler
    startup_stm32f407xx.o(RESET) refers to stm32f4xx_it.o(i.TIM1_CC_IRQHandler) for TIM1_CC_IRQHandler
    startup_stm32f407xx.o(RESET) refers to stm32f4xx_it.o(i.TIM3_IRQHandler) for TIM3_IRQHandler
    startup_stm32f407xx.o(RESET) refers to stm32f4xx_it.o(i.I2C2_EV_IRQHandler) for I2C2_EV_IRQHandler
    startup_stm32f407xx.o(RESET) refers to stm32f4xx_it.o(i.I2C2_ER_IRQHandler) for I2C2_ER_IRQHandler
    startup_stm32f407xx.o(RESET) refers to stm32f4xx_it.o(i.USART1_IRQHandler) for USART1_IRQHandler
    startup_stm32f407xx.o(RESET) refers to stm32f4xx_it.o(i.USART2_IRQHandler) for USART2_IRQHandler
    startup_stm32f407xx.o(RESET) refers to stm32f4xx_it.o(i.USART3_IRQHandler) for USART3_IRQHandler
    startup_stm32f407xx.o(RESET) refers to stm32f4xx_it.o(i.TIM6_DAC_IRQHandler) for TIM6_DAC_IRQHandler
    startup_stm32f407xx.o(RESET) refers to stm32f4xx_it.o(i.USART6_IRQHandler) for USART6_IRQHandler
    startup_stm32f407xx.o(.text) refers to system_stm32f4xx.o(i.SystemInit) for SystemInit
    startup_stm32f407xx.o(.text) refers to entry.o(.ARM.Collect$$$$00000000) for __main
    main.o(i.SystemClock_Config) refers to memseta.o(.text) for __aeabi_memclr4
    main.o(i.SystemClock_Config) refers to stm32f4xx_hal_rcc.o(i.HAL_RCC_OscConfig) for HAL_RCC_OscConfig
    main.o(i.SystemClock_Config) refers to stm32f4xx_hal_rcc.o(i.HAL_RCC_ClockConfig) for HAL_RCC_ClockConfig
    main.o(i.main) refers to stm32f4xx_hal.o(i.HAL_Init) for HAL_Init
    main.o(i.main) refers to main.o(i.SystemClock_Config) for SystemClock_Config
    main.o(i.main) refers to bsp_delay.o(i.delay_init) for delay_init
    main.o(i.main) refers to gpio.o(i.MX_GPIO_Init) for MX_GPIO_Init
    main.o(i.main) refers to tim.o(i.MX_TIM1_Init) for MX_TIM1_Init
    main.o(i.main) refers to tim.o(i.MX_TIM2_Init) for MX_TIM2_Init
    main.o(i.main) refers to tim.o(i.MX_TIM3_Init) for MX_TIM3_Init
    main.o(i.main) refers to tim.o(i.MX_TIM6_Init) for MX_TIM6_Init
    main.o(i.main) refers to usart.o(i.MX_USART1_UART_Init) for MX_USART1_UART_Init
    main.o(i.main) refers to usart.o(i.MX_USART2_UART_Init) for MX_USART2_UART_Init
    main.o(i.main) refers to usart.o(i.MX_USART3_UART_Init) for MX_USART3_UART_Init
    main.o(i.main) refers to usart.o(i.MX_USART6_UART_Init) for MX_USART6_UART_Init
    main.o(i.main) refers to i2c.o(i.MX_I2C2_Init) for MX_I2C2_Init
    main.o(i.main) refers to tim.o(i.MX_TIM4_Init) for MX_TIM4_Init
    main.o(i.main) refers to oled.o(i.OLED_Init) for OLED_Init
    main.o(i.main) refers to stm32f4xx_hal_tim.o(i.HAL_TIM_Base_Start_IT) for HAL_TIM_Base_Start_IT
    main.o(i.main) refers to motor.o(i.Left_Enable) for Left_Enable
    main.o(i.main) refers to motor.o(i.Right_Enable) for Right_Enable
    main.o(i.main) refers to stm32f4xx_hal_uart.o(i.HAL_UART_Receive_IT) for HAL_UART_Receive_IT
    main.o(i.main) refers to motor.o(i.Encoder_Configuration) for Encoder_Configuration
[...]
    i.OLED_WrDat                             0x08004834   Section        0  oled.o(i.OLED_WrDat)
    i.Openmv_Data_Handle                     0x08004894   Section        0  openmv.o(i.Openmv_Data_Handle)
    i.Openmv_Recive_Data                     0x08004900   Section        0  openmv.o(i.Openmv_Recive_Data)
    i.PID_param_init                         0x08004a00   Section        0  pid.o(i.PID_param_init)
    i.PendSV_Handler                         0x08004ab0   Section        0  stm32f4xx_it.o(i.PendSV_Handler)
    i.Q_rsqrt                                0x08004ab4   Section        0  mpu6050.o(i.Q_rsqrt)
    i.Right_Enable                           0x08004ae0   Section        0  motor.o(i.Right_Enable)
    i.SVC_Handler                            0x08004afc   Section        0  stm32f4xx_it.o(i.SVC_Handler)
    i.Set_Left_Dir                           0x08004b00   Section        0  motor.o(i.Set_Left_Dir)
    i.Set_Left_Speed                         0x08004b2c   Section        0  motor.o(i.Set_Left_Speed)
    i.Set_Right_Dir                          0x08004b40   Section        0  motor.o(i.Set_Right_Dir)
    i.Set_Right_Speed                        0x08004b6c   Section        0  motor.o(i.Set_Right_Speed)
    i.Spin_Turn                              0x08004b80   Section        0  motor.o(i.Spin_Turn)
    i.SysTick_Handler                        0x08004bf0   Section        0  stm32f4xx_it.o(i.SysTick_Handler)
    i.SystemClock_Config                     0x08004c0c   Section        0  main.o(i.SystemClock_Config)
    i.SystemInit                             0x08004c9c   Section        0  system_stm32f4xx.o(i.SystemInit)
    i.TIM1_BRK_TIM9_IRQHandler               0x08004cac   Section        0  stm32f4xx_it.o(i.TIM1_BRK_TIM9_IRQHandler)
    i.TIM1_CC_IRQHandler                     0x08004cb8   Section        0  stm32f4xx_it.o(i.TIM1_CC_IRQHandler)
    i.TIM1_TRG_COM_TIM11_IRQHandler          0x08004cc4   Section        0  stm32f4xx_it.o(i.TIM1_TRG_COM_TIM11_IRQHandler)
    i.TIM1_UP_TIM10_IRQHandler               0x08004cd0   Section        0  stm32f4xx_it.o(i.TIM1_UP_TIM10_IRQHandler)
    i.TIM3_IRQHandler                        0x08004cdc   Section        0  stm32f4xx_it.o(i.TIM3_IRQHandler)
    i.TIM6_DAC_IRQHandler                    0x08004ce8   Section        0  stm32f4xx_it.o(i.TIM6_DAC_IRQHandler)
    i.TIM_Base_SetConfig                     0x08004cf4   Section        0  stm32f4xx_hal_tim.o(i.TIM_Base_SetConfig)
    i.TIM_CCxChannelCmd                      0x08004dbc   Section        0  stm32f4xx_hal_tim.o(i.TIM_CCxChannelCmd)
    i.TIM_OC1_SetConfig                      0x08004dd8   Section        0  stm32f4xx_hal_tim.o(i.TIM_OC1_SetConfig)
    TIM_OC1_SetConfig                        0x08004dd9   Thumb Code    88  stm32f4xx_hal_tim.o(i.TIM_OC1_SetConfig)
    i.TIM_OC2_SetConfig                      0x08004e38   Section        0  stm32f4xx_hal_tim.o(i.TIM_OC2_SetConfig)
    i.TIM_OC3_SetConfig                      0x08004ea4   Section        0  stm32f4xx_hal_tim.o(i.TIM_OC3_SetConfig)
    TIM_OC3_SetConfig                        0x08004ea5   Thumb Code    96  stm32f4xx_hal_tim.o(i.TIM_OC3_SetConfig)
    i.TIM_OC4_SetConfig                      0x08004f0c   Section        0  stm32f4xx_hal_tim.o(i.TIM_OC4_SetConfig)
    TIM_OC4_SetConfig                        0x08004f0d   Thumb Code    70  stm32f4xx_hal_tim.o(i.TIM_OC4_SetConfig)
    i.UART_DMAAbortOnError                   0x08004f5c   Section        0  stm32f4xx_hal_uart.o(i.UART_DMAAbortOnError)
    UART_DMAAbortOnError                     0x08004f5d   Thumb Code    16  stm32f4xx_hal_uart.o(i.UART_DMAAbortOnError)
    i.UART_EndRxTransfer                     0x08004f6c   Section        0  stm32f4xx_hal_uart.o(i.UART_EndRxTransfer)
    UART_EndRxTransfer                       0x08004f6d   Thumb Code    78  stm32f4xx_hal_uart.o(i.UART_EndRxTransfer)
    i.UART_Receive_IT                        0x08004fba   Section        0  stm32f4xx_hal_uart.o(i.UART_Receive_IT)
    UART_Receive_IT                          0x08004fbb   Thumb Code   192  stm32f4xx_hal_uart.o(i.UART_Receive_IT)
    i.UART_SetConfig                         0x0800507c   Section        0  stm32f4xx_hal_uart.o(i.UART_SetConfig)
    UART_SetConfig                           0x0800507d   Thumb Code   258  stm32f4xx_hal_uart.o(i.UART_SetConfig)
    i.UART_Start_Receive_IT                  0x08005188   Section        0  stm32f4xx_hal_uart.o(i.UART_Start_Receive_IT)
    i.UART_WaitOnFlagUntilTimeout            0x080051be   Section        0  stm32f4xx_hal_uart.o(i.UART_WaitOnFlagUntilTimeout)
    UART_WaitOnFlagUntilTimeout              0x080051bf   Thumb Code   120  stm32f4xx_hal_uart.o(i.UART_WaitOnFlagUntilTimeout)
    i.USART1_IRQHandler                      0x08005238   Section        0  stm32f4xx_it.o(i.USART1_IRQHandler)
    i.USART2_IRQHandler                      0x08005244   Section        0  stm32f4xx_it.o(i.USART2_IRQHandler)
    i.USART3_IRQHandler                      0x08005250   Section        0  stm32f4xx_it.o(i.USART3_IRQHandler)
    i.USART6_IRQHandler                      0x0800525c   Section        0  stm32f4xx_it.o(i.USART6_IRQHandler)
    i.UsageFault_Handler                     0x08005268   Section        0  stm32f4xx_it.o(i.UsageFault_Handler)
    i.YunSu_GO                               0x0800526c   Section        0  motor.o(i.YunSu_GO)
    i.YunSu_Pid_Control                      0x080052b0   Section        0  motor.o(i.YunSu_Pid_Control)
    i.__0printf                              0x08005404   Section        0  printfa.o(i.__0printf)
    i.__ARM_fpclassify                       0x08005424   Section        0  fpclassify.o(i.__ARM_fpclassify)
    i.__ARM_fpclassifyf                      0x08005454   Section        0  fpclassifyf.o(i.__ARM_fpclassifyf)
    i.__NVIC_SetPriority                     0x0800547a   Section        0  stm32f4xx_hal_cortex.o(i.__NVIC_SetPriority)
    __NVIC_SetPriority                       0x0800547b   Thumb Code    32  stm32f4xx_hal_cortex.o(i.__NVIC_SetPriority)
    i.__hardfp_asin                          0x080054a0   Section        0  asin.o(i.__hardfp_asin)
    i.__hardfp_atan2f                        0x08005800   Section        0  atan2f.o(i.__hardfp_atan2f)
    i.__hardfp_pow                           0x08005a50   Section        0  pow.o(i.__hardfp_pow)
    i.__kernel_poly                          0x08006688   Section        0  poly.o(i.__kernel_poly)
    i.__mathlib_dbl_divzero                  0x08006780   Section        0  dunder.o(i.__mathlib_dbl_divzero)
    i.__mathlib_dbl_infnan                   0x080067b0   Section        0  dunder.o(i.__mathlib_dbl_infnan)
    i.__mathlib_dbl_infnan2                  0x080067c4   Section        0  dunder.o(i.__mathlib_dbl_infnan2)
    i.__mathlib_dbl_invalid                  0x080067d8   Section        0  dunder.o(i.__mathlib_dbl_invalid)
    i.__mathlib_dbl_overflow                 0x080067f8   Section        0  dunder.o(i.__mathlib_dbl_overflow)
    i.__mathlib_dbl_underflow                0x08006818   Section        0  dunder.o(i.__mathlib_dbl_underflow)
    i.__mathlib_flt_infnan2                  0x08006838   Section        0  funder.o(i.__mathlib_flt_infnan2)
    i.__mathlib_flt_underflow                0x08006840   Section        0  funder.o(i.__mathlib_flt_underflow)
    i.__scatterload_copy                     0x08006850   Section       14  handlers.o(i.__scatterload_copy)
    i.__scatterload_null                     0x0800685e   Section        2  handlers.o(i.__scatterload_null)
    i.__scatterload_zeroinit                 0x08006860   Section       14  handlers.o(i.__scatterload_zeroinit)
    i.__set_errno                            0x08006870   Section        0  errno.o(i.__set_errno)
    i._fp_digits                             0x0800687c   Section        0  printfa.o(i._fp_digits)
    _fp_digits                               0x0800687d   Thumb Code   334  printfa.o(i._fp_digits)
    i._printf_core                           0x080069e0   Section        0  printfa.o(i._printf_core)
    _printf_core                             0x080069e1   Thumb Code  1744  printfa.o(i._printf_core)
    i._printf_post_padding                   0x080070bc   Section        0  printfa.o(i._printf_post_padding)
    _printf_post_padding                     0x080070bd   Thumb Code    36  printfa.o(i._printf_post_padding)
    i._printf_pre_padding                    0x080070e0   Section        0  printfa.o(i._printf_pre_padding)
    _printf_pre_padding                      0x080070e1   Thumb Code    46  printfa.o(i._printf_pre_padding)
    i.delay_init                             0x08007110   Section        0  bsp_delay.o(i.delay_init)
    i.delay_ms                               0x08007124   Section        0  bsp_delay.o(i.delay_ms)
    i.delay_us                               0x08007140   Section        0  bsp_delay.o(i.delay_us)
    i.fabs                                   0x08007174   Section        0  fabs.o(i.fabs)
    i.fputc                                  0x0800718c   Section        0  usart.o(i.fputc)
    i.kalman_1                               0x080071a4   Section        0  mpu6050.o(i.kalman_1)
    i.main                                   0x080071e8   Section        0  main.o(i.main)
    i.set_pid_target                         0x08007478   Section        0  pid.o(i.set_pid_target)
    i.speed_pid_realize                      0x08007480   Section        0  pid.o(i.speed_pid_realize)
    i.sqrt                                   0x0800751c   Section        0  sqrt.o(i.sqrt)
    .constdata                               0x0800758a   Section       16  system_stm32f4xx.o(.constdata)
    .constdata                               0x0800759a   Section        8  system_stm32f4xx.o(.constdata)
    .constdata                               0x080075a8   Section       80  asin.o(.constdata)
    pS                                       0x080075a8   Data          48  asin.o(.constdata)
    qS                                       0x080075d8   Data          32  asin.o(.constdata)
    .constdata                               0x080075f8   Section      136  pow.o(.constdata)
    bp                                       0x080075f8   Data          16  pow.o(.constdata)
    dp_h                                     0x08007608   Data          16  pow.o(.constdata)
    dp_l                                     0x08007618   Data          16  pow.o(.constdata)
    L                                        0x08007628   Data          48  pow.o(.constdata)
    P                                        0x08007658   Data          40  pow.o(.constdata)
    .constdata                               0x08007680   Section        8  qnan.o(.constdata)
    .data                                    0x20000000   Section        4  bsp_delay.o(.data)
    fac_us                                   0x20000000   Data           4  bsp_delay.o(.data)
    .data                                    0x20000004   Section        8  main.o(.data)
    .data                                    0x2000000c   Section        1  main.o(.data)
    .data                                    0x20000010   Section        4  stm32f4xx_it.o(.data)
    .data                                    0x20000014   Section       12  stm32f4xx_hal.o(.data)
    .data                                    0x20000020   Section        4  system_stm32f4xx.o(.data)
    .data                                    0x20000028   Section       64  motor.o(.data)
    .data                                    0x20000068   Section        4  motor.o(.data)
    .data                                    0x2000006c   Section        2  motor.o(.data)
    .data                                    0x20000070   Section       12  graysensor.o(.data)
    .data                                    0x2000007c   Section      104  mpu6050.o(.data)
    KpDef                                    0x20000080   Data           4  mpu6050.o(.data)
    KiDef                                    0x20000084   Data           4  mpu6050.o(.data)
    Norm_az                                  0x20000088   Data           4  mpu6050.o(.data)
    ekfx                                     0x2000008c   Data          24  mpu6050.o(.data)
    ekfy                                     0x200000a4   Data          24  mpu6050.o(.data)
    ekfz                                     0x200000bc   Data          24  mpu6050.o(.data)
    NumQ                                     0x200000d4   Data          16  mpu6050.o(.data)
    .data                                    0x200000e4   Section       14  computer_uart.o(.data)
    Computer_Split_count                     0x200000e7   Data           1  computer_uart.o(.data)
    Computer_Data_temp                       0x200000e8   Data           2  computer_uart.o(.data)
    .data                                    0x200000f2   Section       10  ble.o(.data)
    Ble_Split_count                          0x200000f5   Data           1  ble.o(.data)
    Ble_Data_temp                            0x200000f6   Data           2  ble.o(.data)
    .data                                    0x200000fc   Section       10  openmv.o(.data)
    Openmv_Split_count                       0x20000100   Data           1  openmv.o(.data)
    Openmv_Data_temp                         0x20000104   Data           2  openmv.o(.data)
    .data                                    0x20000108   Section        4  stdout.o(.data)
    .data                                    0x2000010c   Section        4  errno.o(.data)
    _errno                                   0x2000010c   Data           4  errno.o(.data)
    .bss                                     0x20000110   Section       84  i2c.o(.bss)
    .bss                                     0x20000164   Section      360  tim.o(.bss)
    .bss                                     0x200002cc   Section      272  usart.o(.bss)
    .bss                                     0x200003dc   Section      128  pid.o(.bss)
    .bss                                     0x2000045c   Section       68  mpu6050.o(.bss)
    tBuff                                    0x20000488   Data          12  mpu6050.o(.bss)
    GyroIntegError                           0x20000494   Data          12  mpu6050.o(.bss)
    .bss                                     0x200004a0   Section      400  computer_uart.o(.bss)
    .bss                                     0x20000630   Section      400  ble.o(.bss)
    .bss                                     0x200007c0   Section      412  openmv.o(.bss)
    STACK                                    0x20000960   Section     1024  startup_stm32f407xx.o(STACK)

    Global Symbols

    Symbol Name                              Value     Ov Type        Size  Object(Section)

    BuildAttributes$$THM_ISAv4$E$P$D$K$B$S$7EM$VFPi3$EXTD16$VFPS$VFMA$PE$A:L22UL41UL21$X:L11$S22US41US21$IEEE1$IW$USESV6$~STKCKD$USESV7$~SHL$OTIME$ROPI$IEEEX$EBA8$MICROLIB$REQ8$PRES8$EABIv2 0x00000000   Number         0  anon$$obj.o ABSOLUTE
    __ARM_use_no_argv                        0x00000000   Number         0  main.o ABSOLUTE
    _printf_a                                0x00000000   Number         0  stubs.o ABSOLUTE
    _printf_c                                0x00000000   Number         0  stubs.o ABSOLUTE
    _printf_charcount                        0x00000000   Number         0  stubs.o ABSOLUTE
    _printf_d                                0x00000000   Number         0  stubs.o ABSOLUTE
    _printf_e                                0x00000000   Number         0  stubs.o ABSOLUTE
    _printf_f                                0x00000000   Number         0  stubs.o ABSOLUTE
    _printf_flags                            0x00000000   Number         0  stubs.o ABSOLUTE
    _printf_fp_dec                           0x00000000   Number         0  stubs.o ABSOLUTE
    _printf_fp_hex                           0x00000000   Number         0  stubs.o ABSOLUTE
    _printf_g                                0x00000000   Number         0  stubs.o ABSOLUTE
    _printf_i                                0x00000000   Number         0  stubs.o ABSOLUTE
    _printf_int_dec                          0x00000000   Number         0  stubs.o ABSOLUTE
    _printf_l                                0x00000000   Number         0  stubs.o ABSOLUTE
    _printf_lc                               0x00000000   Number         0  stubs.o ABSOLUTE
    _printf_ll                               0x00000000   Number         0  stubs.o ABSOLUTE
    _printf_lld                              0x00000000   Number         0  stubs.o ABSOLUTE
    _printf_lli                              0x00000000   Number         0  stubs.o ABSOLUTE
    _printf_llo                              0x00000000   Number         0  stubs.o ABSOLUTE
    _printf_llu                              0x00000000   Number         0  stubs.o ABSOLUTE
    _printf_llx                              0x00000000   Number         0  stubs.o ABSOLUTE
    _printf_longlong_dec                     0x00000000   Number         0  stubs.o ABSOLUTE
    _printf_longlong_hex                     0x00000000   Number         0  stubs.o ABSOLUTE
    _printf_longlong_oct                     0x00000000   Number         0  stubs.o ABSOLUTE
    _printf_ls                               0x00000000   Number         0  stubs.o ABSOLUTE
    _printf_mbtowc                           0x00000000   Number         0  stubs.o ABSOLUTE
    _printf_n                                0x00000000   Number         0  stubs.o ABSOLUTE
    _printf_o                                0x00000000   Number         0  stubs.o ABSOLUTE
    _printf_p                                0x00000000   Number         0  stubs.o ABSOLUTE
    _printf_percent                          0x00000000   Number         0  stubs.o ABSOLUTE
    _printf_pre_padding                      0x00000000   Number         0  stubs.o ABSOLUTE
    _printf_return_value                     0x00000000   Number         0  stubs.o ABSOLUTE
    _printf_s                                0x00000000   Number         0  stubs.o ABSOLUTE
    _printf_sizespec                         0x00000000   Number         0  stubs.o ABSOLUTE
    _printf_str                              0x00000000   Number         0  stubs.o ABSOLUTE
    _printf_truncate_signed                  0x00000000   Number         0  stubs.o ABSOLUTE
    _printf_truncate_unsigned                0x00000000   Number         0  stubs.o ABSOLUTE
    _printf_u                                0x00000000   Number         0  stubs.o ABSOLUTE
    _printf_wc                               0x00000000   Number         0  stubs.o ABSOLUTE
    _printf_wctomb                           0x00000000   Number         0  stubs.o ABSOLUTE
    _printf_widthprec                        0x00000000   Number         0  stubs.o ABSOLUTE
    _printf_x                                0x00000000   Number         0  stubs.o ABSOLUTE
    __cpp_initialize__aeabi_                  - Undefined Weak Reference
    __cxa_finalize                            - Undefined Weak Reference
    __decompress                              - Undefined Weak Reference
    _clock_init                               - Undefined Weak Reference
    _microlib_exit                            - Undefined Weak Reference
    __Vectors_Size                           0x00000188   Number         0  startup_stm32f407xx.o ABSOLUTE
    __Vectors                                0x08000000   Data           4  startup_stm32f407xx.o(RESET)
    __Vectors_End                            0x08000188   Data           0  startup_stm32f407xx.o(RESET)
    __main                                   0x08000189   Thumb Code     0  entry.o(.ARM.Collect$$$$00000000)
    _main_stk                                0x08000189   Thumb Code     0  entry2.o(.ARM.Collect$$$$00000001)
    _main_scatterload                        0x0800018d   Thumb Code     0  entry5.o(.ARM.Collect$$$$00000004)
    __main_after_scatterload                 0x08000191   Thumb Code     0  entry5.o(.ARM.Collect$$$$00000004)
    _main_clock                              0x08000191   Thumb Code     0  entry7b.o(.ARM.Collect$$$$00000008)
    _main_cpp_init                           0x08000191   Thumb Code     0  entry8b.o(.ARM.Collect$$$$0000000A)
    _main_init                               0x08000191   Thumb Code     0  entry9a.o(.ARM.Collect$$$$0000000B)
    __rt_final_cpp                           0x08000199   Thumb Code     0  entry10a.o(.ARM.Collect$$$$0000000D)
    __rt_final_exit                          0x08000199   Thumb Code     0  entry11a.o(.ARM.Collect$$$$0000000F)
    Reset_Handler                            0x0800019d   Thumb Code     8  startup_stm32f407xx.o(.text)
    ADC_IRQHandler                           0x080001b7   Thumb Code     0  startup_stm32f407xx.o(.text)
    CAN1_RX0_IRQHandler                      0x080001b7   Thumb Code     0  startup_stm32f407xx.o(.text)
    CAN1_RX1_IRQHandler                      0x080001b7   Thumb Code     0  startup_stm32f407xx.o(.text)
    CAN1_SCE_IRQHandler                      0x080001b7   Thumb Code     0  startup_stm32f407xx.o(.text)
    CAN1_TX_IRQHandler                       0x080001b7   Thumb Code     0  startup_stm32f407xx.o(.text)
    CAN2_RX0_IRQHandler                      0x080001b7   Thumb Code     0  startup_stm32f407xx.o(.text)
    CAN2_RX1_IRQHandler                      0x080001b7   Thumb Code     0  startup_stm32f407xx.o(.text)
    CAN2_SCE_IRQHandler                      0x080001b7   Thumb Code     0  startup_stm32f407xx.o(.text)
    CAN2_TX_IRQHandler                       0x080001b7   Thumb Code     0  startup_stm32f407xx.o(.text)
    DCMI_IRQHandler                          0x080001b7   Thumb Code     0  startup_stm32f407xx.o(.text)
    DMA1_Stream0_IRQHandler                  0x080001b7   Thumb Code     0  startup_stm32f407xx.o(.text)
    DMA1_Stream1_IRQHandler                  0x080001b7   Thumb Code     0  startup_stm32f407xx.o(.text)
    DMA1_Stream2_IRQHandler                  0x080001b7   Thumb Code     0  startup_stm32f407xx.o(.text)
    DMA1_Stream3_IRQHandler                  0x080001b7   Thumb Code     0  startup_stm32f407xx.o(.text)
    DMA1_Stream4_IRQHandler                  0x080001b7   Thumb Code     0  startup_stm32f407xx.o(.text)
    DMA1_Stream5_IRQHandler                  0x080001b7   Thumb Code     0  startup_stm32f407xx.o(.text)
    DMA1_Stream6_IRQHandler                  0x080001b7   Thumb Code     0  startup_stm32f407xx.o(.text)
    DMA1_Stream7_IRQHandler                  0x080001b7   Thumb Code     0  startup_stm32f407xx.o(.text)
    DMA2_Stream0_IRQHandler                  0x080001b7   Thumb Code     0  startup_stm32f407xx.o(.text)
    DMA2_Stream1_IRQHandler                  0x080001b7   Thumb Code     0  startup_stm32f407xx.o(.text)
    DMA2_Stream2_IRQHandler                  0x080001b7   Thumb Code     0  startup_stm32f407xx.o(.text)
    DMA2_Stream3_IRQHandler                  0x080001b7   Thumb Code     0  startup_stm32f407xx.o(.text)
    DMA2_Stream4_IRQHandler                  0x080001b7   Thumb Code     0  startup_stm32f407xx.o(.text)
    DMA2_Stream5_IRQHandler                  0x080001b7   Thumb Code     0  startup_stm32f407xx.o(.text)
    DMA2_Stream6_IRQHandler                  0x080001b7   Thumb Code     0  startup_stm32f407xx.o(.text)
    DMA2_Stream7_IRQHandler                  0x080001b7   Thumb Code     0  startup_stm32f407xx.o(.text)
    ETH_IRQHandler                           0x080001b7   Thumb Code     0  startup_stm32f407xx.o(.text)
    ETH_WKUP_IRQHandler                      0x080001b7   Thumb Code     0  startup_stm32f407xx.o(.text)
    EXTI0_IRQHandler                         0x080001b7   Thumb Code     0  startup_stm32f407xx.o(.text)
    EXTI15_10_IRQHandler                     0x080001b7   Thumb Code     0  startup_stm32f407xx.o(.text)
    EXTI2_IRQHandler                         0x080001b7   Thumb Code     0  startup_stm32f407xx.o(.text)
    EXTI3_IRQHandler                         0x080001b7   Thumb Code     0  startup_stm32f407xx.o(.text)
    EXTI4_IRQHandler                         0x080001b7   Thumb Code     0  startup_stm32f407xx.o(.text)
    EXTI9_5_IRQHandler                       0x080001b7   Thumb Code     0  startup_stm32f407xx.o(.text)
    FLASH_IRQHandler                         0x080001b7   Thumb Code     0  startup_stm32f407xx.o(.text)
    FMC_IRQHandler                           0x080001b7   Thumb Code     0  startup_stm32f407xx.o(.text)
    FPU_IRQHandler                           0x080001b7   Thumb Code     0  startup_stm32f407xx.o(.text)
    HASH_RNG_IRQHandler                      0x080001b7   Thumb Code     0  startup_stm32f407xx.o(.text)
    I2C1_ER_IRQHandler                       0x080001b7   Thumb Code     0  startup_stm32f407xx.o(.text)
    I2C1_EV_IRQHandler                       0x080001b7   Thumb Code     0  startup_stm32f407xx.o(.text)
    I2C3_ER_IRQHandler                       0x080001b7   Thumb Code     0  startup_stm32f407xx.o(.text)
    I2C3_EV_IRQHandler                       0x080001b7   Thumb Code     0  startup_stm32f407xx.o(.text)
    OTG_FS_IRQHandler                        0x080001b7   Thumb Code     0  startup_stm32f407xx.o(.text)
    OTG_FS_WKUP_IRQHandler                   0x080001b7   Thumb Code     0  startup_stm32f407xx.o(.text)
    OTG_HS_EP1_IN_IRQHandler                 0x080001b7   Thumb Code     0  startup_stm32f407xx.o(.text)
    OTG_HS_EP1_OUT_IRQHandler                0x080001b7   Thumb Code     0  startup_stm32f407xx.o(.text)
    OTG_HS_IRQHandler                        0x080001b7   Thumb Code     0  startup_stm32f407xx.o(.text)
    OTG_HS_WKUP_IRQHandler                   0x080001b7   Thumb Code     0  startup_stm32f407xx.o(.text)
    PVD_IRQHandler                           0x080001b7   Thumb Code     0  startup_stm32f407xx.o(.text)
    RCC_IRQHandler                           0x080001b7   Thumb Code     0  startup_stm32f407xx.o(.text)
    RTC_Alarm_IRQHandler                     0x080001b7   Thumb Code     0  startup_stm32f407xx.o(.text)
    RTC_WKUP_IRQHandler                      0x080001b7   Thumb Code     0  startup_stm32f407xx.o(.text)
    SDIO_IRQHandler                          0x080001b7   Thumb Code     0  startup_stm32f407xx.o(.text)
    SPI1_IRQHandler                          0x080001b7   Thumb Code     0  startup_stm32f407xx.o(.text)
    SPI2_IRQHandler                          0x080001b7   Thumb Code     0  startup_stm32f407xx.o(.text)
    SPI3_IRQHandler                          0x080001b7   Thumb Code     0  startup_stm32f407xx.o(.text)
    TAMP_STAMP_IRQHandler                    0x080001b7   Thumb Code     0  startup_stm32f407xx.o(.text)
    TIM2_IRQHandler                          0x080001b7   Thumb Code     0  startup_stm32f407xx.o(.text)
    TIM4_IRQHandler                          0x080001b7   Thumb Code     0  startup_stm32f407xx.o(.text)
    TIM5_IRQHandler                          0x080001b7   Thumb Code     0  startup_stm32f407xx.o(.text)
    TIM7_IRQHandler                          0x080001b7   Thumb Code     0  startup_stm32f407xx.o(.text)
    TIM8_BRK_TIM12_IRQHandler                0x080001b7   Thumb Code     0  startup_stm32f407xx.o(.text)
    TIM8_CC_IRQHandler                       0x080001b7   Thumb Code     0  startup_stm32f407xx.o(.text)
    TIM8_TRG_COM_TIM14_IRQHandler            0x080001b7   Thumb Code     0  startup_stm32f407xx.o(.text)
    TIM8_UP_TIM13_IRQHandler                 0x080001b7   Thumb Code     0  startup_stm32f407xx.o(.text)
    UART4_IRQHandler                         0x080001b7   Thumb Code     0  startup_stm32f407xx.o(.text)
    UART5_IRQHandler                         0x080001b7   Thumb Code     0  startup_stm32f407xx.o(.text)
    WWDG_IRQHandler                          0x080001b7   Thumb Code     0  startup_stm32f407xx.o(.text)
    __aeabi_uldivmod                         0x080001c1   Thumb Code    98  uldiv.o(.text)
    __aeabi_memset                           0x08000223   Thumb Code    14  memseta.o(.text)
    __aeabi_memset4                          0x08000223   Thumb Code     0  memseta.o(.text)
    __aeabi_memset8                          0x08000223   Thumb Code     0  memseta.o(.text)
    __aeabi_memclr                           0x08000231   Thumb Code     4  memseta.o(.text)
    __aeabi_memclr4                          0x08000231   Thumb Code     0  memseta.o(.text)
    __aeabi_memclr8                          0x08000231   Thumb Code     0  memseta.o(.text)
    _memset$wrapper                          0x08000235   Thumb Code    18  memseta.o(.text)
    __aeabi_dadd                             0x08000247   Thumb Code   322  dadd.o(.text)
    __aeabi_dsub                             0x08000389   Thumb Code     6  dadd.o(.text)
    __aeabi_drsub                            0x0800038f   Thumb Code     6  dadd.o(.text)
    __aeabi_dmul                             0x08000395   Thumb Code   228  dmul.o(.text)
    __aeabi_ddiv                             0x08000479   Thumb Code   222  ddiv.o(.text)
    __aeabi_i2d                              0x08000557   Thumb Code    34  dflti.o(.text)
    __aeabi_ui2d                             0x08000579   Thumb Code    26  dfltui.o(.text)
    __aeabi_d2uiz                            0x08000593   Thumb Code    50  dfixui.o(.text)
    __aeabi_f2d                              0x080005c5   Thumb Code    38  f2d.o(.text)
    __aeabi_d2f                              0x080005eb   Thumb Code    56  d2f.o(.text)
    __aeabi_uidiv                            0x08000623   Thumb Code     0  uidiv.o(.text)
    __aeabi_uidivmod                         0x08000623   Thumb Code    44  uidiv.o(.text)
    __aeabi_llsl                             0x0800064f   Thumb Code    30  llshl.o(.text)
    _ll_shift_l                              0x0800064f   Thumb Code     0  llshl.o(.text)
    __aeabi_llsr                             0x0800066d   Thumb Code    32  llushr.o(.text)
    _ll_ushift_r                             0x0800066d   Thumb Code     0  llushr.o(.text)
    __aeabi_lasr                             0x0800068d   Thumb Code    36  llsshr.o(.text)
    _ll_sshift_r                             0x0800068d   Thumb Code     0  llsshr.o(.text)
    __I$use$fp                               0x080006b1   Thumb Code     0  iusefp.o(.text)
    _float_round                             0x080006b1   Thumb Code    18  fepilogue.o(.text)
    _float_epilogue                          0x080006c3   Thumb Code    92  fepilogue.o(.text)
    _double_round                            0x0800071f   Thumb Code    30  depilogue.o(.text)
    _double_epilogue                         0x0800073d   Thumb Code   156  depilogue.o(.text)
    __ARM_scalbn                             0x080007d9   Thumb Code    46  dscalb.o(.text)
    scalbn                                   0x080007d9   Thumb Code     0  dscalb.o(.text)
    __aeabi_d2ulz                            0x08000807   Thumb Code    48  dfixul.o(.text)
    __aeabi_cdrcmple                         0x08000839   Thumb Code    48  cdrcmple.o(.text)
    __scatterload                            0x08000869   Thumb Code    28  init.o(.text)
    __scatterload_rt2                        0x08000869   Thumb Code     0  init.o(.text)
    _dsqrt                                   0x0800088d   Thumb Code   162  dsqrt.o(.text)
    Ble_Data_Handle                          0x08000931   Thumb Code    30  ble.o(i.Ble_Data_Handle)
    Ble_Receive_Data                         0x08000961   Thumb Code   220  ble.o(i.Ble_Receive_Data)
    BusFault_Handler                         0x08000a59   Thumb Code     2  stm32f4xx_it.o(i.BusFault_Handler)
    Car_Go                                   0x08000a5d   Thumb Code   102  motor.o(i.Car_Go)
    Computer_Data_Handle                     0x08000ae1   Thumb Code    12  computer_uart.o(i.Computer_Data_Handle)
    Computer_Receive_Data                    0x08000af5   Thumb Code   234  computer_uart.o(i.Computer_Receive_Data)
    DebugMon_Handler                         0x08000bf5   Thumb Code     2  stm32f4xx_it.o(i.DebugMon_Handler)
    EXTI1_IRQHandler                         0x08000bf7   Thumb Code     6  stm32f4xx_it.o(i.EXTI1_IRQHandler)
    Encoder_Configuration                    0x08000bfd   Thumb Code    86  motor.o(i.Encoder_Configuration)
    Error_Handler                            0x08000c5d   Thumb Code     4  main.o(i.Error_Handler)
    GetAngle                                 0x08000c61   Thumb Code  1124  mpu6050.o(i.GetAngle)
    GetMotorPulse                            0x080010c5   Thumb Code    50  motor.o(i.GetMotorPulse)
    Gray_Search                              0x08001105   Thumb Code   244  graysensor.o(i.Gray_Search)
    HAL_DMA_Abort                            0x0800121d   Thumb Code   146  stm32f4xx_hal_dma.o(i.HAL_DMA_Abort)
    HAL_DMA_Abort_IT                         0x080012af   Thumb Code    36  stm32f4xx_hal_dma.o(i.HAL_DMA_Abort_IT)
    HAL_DMA_GetState                         0x080012d3   Thumb Code     6  stm32f4xx_hal_dma.o(i.HAL_DMA_GetState)
    HAL_Delay                                0x080012d9   Thumb Code    32  stm32f4xx_hal.o(i.HAL_Delay)
    HAL_GPIO_EXTI_Callback                   0x080012fd   Thumb Code    72  callback_exti.o(i.HAL_GPIO_EXTI_Callback)
    HAL_GPIO_EXTI_IRQHandler                 0x08001351   Thumb Code    18  stm32f4xx_hal_gpio.o(i.HAL_GPIO_EXTI_IRQHandler)
    HAL_GPIO_Init                            0x08001369   Thumb Code   450  stm32f4xx_hal_gpio.o(i.HAL_GPIO_Init)
    HAL_GPIO_ReadPin                         0x08001559   Thumb Code    10  stm32f4xx_hal_gpio.o(i.HAL_GPIO_ReadPin)
    HAL_GPIO_WritePin                        0x08001563   Thumb Code    10  stm32f4xx_hal_gpio.o(i.HAL_GPIO_WritePin)
    HAL_GetTick                              0x0800156d   Thumb Code     6  stm32f4xx_hal.o(i.HAL_GetTick)
    HAL_I2C_AbortCpltCallback                0x08001579   Thumb Code     2  stm32f4xx_hal_i2c.o(i.HAL_I2C_AbortCpltCallback)
    HAL_I2C_AddrCallback                     0x0800157b   Thumb Code     2  stm32f4xx_hal_i2c.o(i.HAL_I2C_AddrCallback)
    HAL_I2C_ER_IRQHandler                    0x0800157d   Thumb Code   186  stm32f4xx_hal_i2c.o(i.HAL_I2C_ER_IRQHandler)
    HAL_I2C_EV_IRQHandler                    0x08001637   Thumb Code   560  stm32f4xx_hal_i2c.o(i.HAL_I2C_EV_IRQHandler)
    HAL_I2C_ErrorCallback                    0x08001867   Thumb Code     2  stm32f4xx_hal_i2c.o(i.HAL_I2C_ErrorCallback)
    HAL_I2C_Init                             0x08001869   Thumb Code   376  stm32f4xx_hal_i2c.o(i.HAL_I2C_Init)
    HAL_I2C_ListenCpltCallback               0x080019f1   Thumb Code     2  stm32f4xx_hal_i2c.o(i.HAL_I2C_ListenCpltCallback)
    HAL_I2C_MasterRxCpltCallback             0x080019f3   Thumb Code     2  stm32f4xx_hal_i2c.o(i.HAL_I2C_MasterRxCpltCallback)
    HAL_I2C_MasterTxCpltCallback             0x080019f5   Thumb Code     2  stm32f4xx_hal_i2c.o(i.HAL_I2C_MasterTxCpltCallback)
    HAL_I2C_MemRxCpltCallback                0x080019f7   Thumb Code     2  stm32f4xx_hal_i2c.o(i.HAL_I2C_MemRxCpltCallback)
    HAL_I2C_MemTxCpltCallback                0x080019f9   Thumb Code     2  stm32f4xx_hal_i2c.o(i.HAL_I2C_MemTxCpltCallback)
    HAL_I2C_Mem_Read                         0x080019fd   Thumb Code   490  stm32f4xx_hal_i2c.o(i.HAL_I2C_Mem_Read)
    HAL_I2C_MspInit                          0x08001bf5   Thumb Code   126  i2c.o(i.HAL_I2C_MspInit)
    HAL_I2C_SlaveRxCpltCallback              0x08001c81   Thumb Code     2  stm32f4xx_hal_i2c.o(i.HAL_I2C_SlaveRxCpltCallback)
    HAL_I2C_SlaveTxCpltCallback              0x08001c83   Thumb Code     2  stm32f4xx_hal_i2c.o(i.HAL_I2C_SlaveTxCpltCallback)
    HAL_IncTick                              0x08001c85   Thumb Code    12  stm32f4xx_hal.o(i.HAL_IncTick)
    HAL_Init                                 0x08001c95   Thumb Code    48  stm32f4xx_hal.o(i.HAL_Init)
    HAL_InitTick                             0x08001cc9   Thumb Code    54  stm32f4xx_hal.o(i.HAL_InitTick)
    HAL_MspInit                              0x08001d09   Thumb Code    42  stm32f4xx_hal_msp.o(i.HAL_MspInit)
    HAL_NVIC_EnableIRQ                       0x08001d39   Thumb Code    26  stm32f4xx_hal_cortex.o(i.HAL_NVIC_EnableIRQ)
    HAL_NVIC_SetPriority                     0x08001d55   Thumb Code    60  stm32f4xx_hal_cortex.o(i.HAL_NVIC_SetPriority)
    HAL_NVIC_SetPriorityGrouping             0x08001d95   Thumb Code    26  stm32f4xx_hal_cortex.o(i.HAL_NVIC_SetPriorityGrouping)
    HAL_RCC_ClockConfig                      0x08001db9   Thumb Code   288  stm32f4xx_hal_rcc.o(i.HAL_RCC_ClockConfig)
    HAL_RCC_GetPCLK1Freq                     0x08001eed   Thumb Code    20  stm32f4xx_hal_rcc.o(i.HAL_RCC_GetPCLK1Freq)
    HAL_RCC_GetPCLK2Freq                     0x08001f0d   Thumb Code    20  stm32f4xx_hal_rcc.o(i.HAL_RCC_GetPCLK2Freq)
    HAL_RCC_GetSysClockFreq                  0x08001f2d   Thumb Code    88  stm32f4xx_hal_rcc.o(i.HAL_RCC_GetSysClockFreq)
    HAL_RCC_OscConfig                        0x08001f91   Thumb Code   856  stm32f4xx_hal_rcc.o(i.HAL_RCC_OscConfig)
    HAL_SYSTICK_CLKSourceConfig              0x080022fd   Thumb Code    24  stm32f4xx_hal_cortex.o(i.HAL_SYSTICK_CLKSourceConfig)
    HAL_SYSTICK_Config                       0x08002315   Thumb Code    40  stm32f4xx_hal_cortex.o(i.HAL_SYSTICK_Config)
    HAL_TIMEx_BreakCallback                  0x0800233d   Thumb Code     2  stm32f4xx_hal_tim_ex.o(i.HAL_TIMEx_BreakCallback)
    HAL_TIMEx_CommutCallback                 0x0800233f   Thumb Code     2  stm32f4xx_hal_tim_ex.o(i.HAL_TIMEx_CommutCallback)
    HAL_TIMEx_MasterConfigSynchronization    0x08002341   Thumb Code   116  stm32f4xx_hal_tim_ex.o(i.HAL_TIMEx_MasterConfigSynchronization)
    HAL_TIM_Base_Init                        0x080023d1   Thumb Code    90  stm32f4xx_hal_tim.o(i.HAL_TIM_Base_Init)
    HAL_TIM_Base_MspInit                     0x0800242d   Thumb Code    50  tim.o(i.HAL_TIM_Base_MspInit)
    HAL_TIM_Base_Start_IT                    0x08002469   Thumb Code   100  stm32f4xx_hal_tim.o(i.HAL_TIM_Base_Start_IT)
    HAL_TIM_Encoder_Init                     0x080024e9   Thumb Code   164  stm32f4xx_hal_tim.o(i.HAL_TIM_Encoder_Init)
    HAL_TIM_Encoder_MspInit                  0x0800258d   Thumb Code   220  tim.o(i.HAL_TIM_Encoder_MspInit)
    HAL_TIM_Encoder_Start                    0x08002679   Thumb Code   142  stm32f4xx_hal_tim.o(i.HAL_TIM_Encoder_Start)
    HAL_TIM_IC_CaptureCallback               0x08002707   Thumb Code     2  stm32f4xx_hal_tim.o(i.HAL_TIM_IC_CaptureCallback)
    HAL_TIM_IRQHandler                       0x08002709   Thumb Code   358  stm32f4xx_hal_tim.o(i.HAL_TIM_IRQHandler)
    HAL_TIM_MspPostInit                      0x08002871   Thumb Code   110  tim.o(i.HAL_TIM_MspPostInit)
    HAL_TIM_OC_DelayElapsedCallback          0x080028f5   Thumb Code     2  stm32f4xx_hal_tim.o(i.HAL_TIM_OC_DelayElapsedCallback)
    HAL_TIM_PWM_ConfigChannel                0x080028f7   Thumb Code   204  stm32f4xx_hal_tim.o(i.HAL_TIM_PWM_ConfigChannel)
    HAL_TIM_PWM_Init                         0x080029c3   Thumb Code    90  stm32f4xx_hal_tim.o(i.HAL_TIM_PWM_Init)
    HAL_TIM_PWM_MspInit                      0x08002a1d   Thumb Code    72  tim.o(i.HAL_TIM_PWM_MspInit)
    HAL_TIM_PWM_PulseFinishedCallback        0x08002a71   Thumb Code     2  stm32f4xx_hal_tim.o(i.HAL_TIM_PWM_PulseFinishedCallback)
    HAL_TIM_PWM_Start                        0x08002a75   Thumb Code   172  stm32f4xx_hal_tim.o(i.HAL_TIM_PWM_Start)
    HAL_TIM_PeriodElapsedCallback            0x08002b3d   Thumb Code   322  callback_tim.o(i.HAL_TIM_PeriodElapsedCallback)
    HAL_TIM_TriggerCallback                  0x08002cc9   Thumb Code     2  stm32f4xx_hal_tim.o(i.HAL_TIM_TriggerCallback)
    HAL_UARTEx_RxEventCallback               0x08002ccb   Thumb Code     2  stm32f4xx_hal_uart.o(i.HAL_UARTEx_RxEventCallback)
    HAL_UART_ErrorCallback                   0x08002ccd   Thumb Code     2  stm32f4xx_hal_uart.o(i.HAL_UART_ErrorCallback)
    HAL_UART_IRQHandler                      0x08002cd1   Thumb Code   610  stm32f4xx_hal_uart.o(i.HAL_UART_IRQHandler)
    HAL_UART_Init                            0x08002f39   Thumb Code    98  stm32f4xx_hal_uart.o(i.HAL_UART_Init)
    HAL_UART_MspInit                         0x08002f9d   Thumb Code   334  usart.o(i.HAL_UART_MspInit)
    HAL_UART_Receive_IT                      0x0800310d   Thumb Code    42  stm32f4xx_hal_uart.o(i.HAL_UART_Receive_IT)
    HAL_UART_RxCpltCallback                  0x08003139   Thumb Code    46  callback_uart.o(i.HAL_UART_RxCpltCallback)
    HAL_UART_Transmit                        0x08003175   Thumb Code   178  stm32f4xx_hal_uart.o(i.HAL_UART_Transmit)
    HAL_UART_TxCpltCallback                  0x08003227   Thumb Code     2  stm32f4xx_hal_uart.o(i.HAL_UART_TxCpltCallback)
    HardFault_Handler                        0x08003229   Thumb Code     2  stm32f4xx_it.o(i.HardFault_Handler)
    I2C2_ER_IRQHandler                       0x0800322d   Thumb Code     6  stm32f4xx_it.o(i.I2C2_ER_IRQHandler)
    I2C2_EV_IRQHandler                       0x08003239   Thumb Code     6  stm32f4xx_it.o(i.I2C2_EV_IRQHandler)
    Left_Enable                              0x08003e95   Thumb Code    18  motor.o(i.Left_Enable)
    MPU6050ReadAcc                           0x08003eb1   Thumb Code    66  mpu6050.o(i.MPU6050ReadAcc)
    MPU6050ReadGyro                          0x08003ef3   Thumb Code    66  mpu6050.o(i.MPU6050ReadGyro)
    MPU6050_ReadAll                          0x08003f35   Thumb Code   270  mpu6050.o(i.MPU6050_ReadAll)
    MPU6050_ReadData                         0x08004055   Thumb Code    36  mpu6050.o(i.MPU6050_ReadData)
    MPU6050_ReturnTemp                       0x0800407d   Thumb Code    66  mpu6050.o(i.MPU6050_ReturnTemp)
    MX_GPIO_Init                             0x080040d1   Thumb Code   264  gpio.o(i.MX_GPIO_Init)
    MX_I2C2_Init                             0x080041ed   Thumb Code    50  i2c.o(i.MX_I2C2_Init)
    MX_TIM1_Init                             0x0800422d   Thumb Code   102  tim.o(i.MX_TIM1_Init)
    MX_TIM2_Init                             0x0800429d   Thumb Code   102  tim.o(i.MX_TIM2_Init)
    MX_TIM3_Init                             0x08004309   Thumb Code   120  tim.o(i.MX_TIM3_Init)
    MX_TIM4_Init                             0x08004389   Thumb Code   120  tim.o(i.MX_TIM4_Init)
    MX_TIM6_Init                             0x08004409   Thumb Code    62  tim.o(i.MX_TIM6_Init)
    MX_USART1_UART_Init                      0x08004451   Thumb Code    48  usart.o(i.MX_USART1_UART_Init)
    MX_USART2_UART_Init                      0x08004489   Thumb Code    48  usart.o(i.MX_USART2_UART_Init)
    MX_USART3_UART_Init                      0x080044c1   Thumb Code    48  usart.o(i.MX_USART3_UART_Init)
    MX_USART6_UART_Init                      0x080044f9   Thumb Code    48  usart.o(i.MX_USART6_UART_Init)
    MemManage_Handler                        0x08004531   Thumb Code     2  stm32f4xx_it.o(i.MemManage_Handler)
    Motor_L_back                             0x08004535   Thumb Code    32  motor.o(i.Motor_L_back)
    Motor_L_forward                          0x0800455d   Thumb Code    32  motor.o(i.Motor_L_forward)
    Motor_L_stop                             0x08004585   Thumb Code    32  motor.o(i.Motor_L_stop)
    Motor_R_back                             0x080045ad   Thumb Code    32  motor.o(i.Motor_R_back)
    Motor_R_forward                          0x080045d5   Thumb Code    32  motor.o(i.Motor_R_forward)
    Motor_R_stop                             0x080045fd   Thumb Code    28  motor.o(i.Motor_R_stop)
    Motors_Control                           0x0800461d   Thumb Code    52  motor.o(i.Motors_Control)
    Mpu_Read_Yaw                             0x08004651   Thumb Code    32  mpu6050.o(i.Mpu_Read_Yaw)
    NMI_Handler                              0x08004679   Thumb Code     2  stm32f4xx_it.o(i.NMI_Handler)
    OLED_Fill                                0x0800467d   Thumb Code    56  oled.o(i.OLED_Fill)
    OLED_Init                                0x080046b5   Thumb Code   242  oled.o(i.OLED_Init)
    OLED_Set_Pos                             0x080047ad   Thumb Code    36  oled.o(i.OLED_Set_Pos)
    OLED_WrCmd                               0x080047d1   Thumb Code    94  oled.o(i.OLED_WrCmd)
    OLED_WrDat                               0x08004835   Thumb Code    92  oled.o(i.OLED_WrDat)
    Openmv_Data_Handle                       0x08004895   Thumb Code    78  openmv.o(i.Openmv_Data_Handle)
    Openmv_Recive_Data                       0x08004901   Thumb Code   232  openmv.o(i.Openmv_Recive_Data)
    PID_param_init                           0x08004a01   Thumb Code   150  pid.o(i.PID_param_init)
    PendSV_Handler                           0x08004ab1   Thumb Code     2  stm32f4xx_it.o(i.PendSV_Handler)
    Q_rsqrt                                  0x08004ab5   Thumb Code    40  mpu6050.o(i.Q_rsqrt)
    Right_Enable                             0x08004ae1   Thumb Code    18  motor.o(i.Right_Enable)
    SVC_Handler                              0x08004afd   Thumb Code     2  stm32f4xx_it.o(i.SVC_Handler)
    Set_Left_Dir                             0x08004b01   Thumb Code    38  motor.o(i.Set_Left_Dir)
    Set_Left_Speed                           0x08004b2d   Thumb Code    12  motor.o(i.Set_Left_Speed)
    Set_Right_Dir                            0x08004b41   Thumb Code    38  motor.o(i.Set_Right_Dir)
    Set_Right_Speed                          0x08004b6d   Thumb Code    12  motor.o(i.Set_Right_Speed)
    Spin_Turn                                0x08004b81   Thumb Code   106  motor.o(i.Spin_Turn)
    SysTick_Handler                          0x08004bf1   Thumb Code    24  stm32f4xx_it.o(i.SysTick_Handler)
    SystemClock_Config                       0x08004c0d   Thumb Code   136  main.o(i.SystemClock_Config)
    SystemInit                               0x08004c9d   Thumb Code    12  system_stm32f4xx.o(i.SystemInit)
    TIM1_BRK_TIM9_IRQHandler                 0x08004cad   Thumb Code     6  stm32f4xx_it.o(i.TIM1_BRK_TIM9_IRQHandler)
    TIM1_CC_IRQHandler                       0x08004cb9   Thumb Code     6  stm32f4xx_it.o(i.TIM1_CC_IRQHandler)
    TIM1_TRG_COM_TIM11_IRQHandler            0x08004cc5   Thumb Code     6  stm32f4xx_it.o(i.TIM1_TRG_COM_TIM11_IRQHandler)
    TIM1_UP_TIM10_IRQHandler                 0x08004cd1   Thumb Code     6  stm32f4xx_it.o(i.TIM1_UP_TIM10_IRQHandler)
    TIM3_IRQHandler                          0x08004cdd   Thumb Code     6  stm32f4xx_it.o(i.TIM3_IRQHandler)
    TIM6_DAC_IRQHandler                      0x08004ce9   Thumb Code     6  stm32f4xx_it.o(i.TIM6_DAC_IRQHandler)
    TIM_Base_SetConfig                       0x08004cf5   Thumb Code   156  stm32f4xx_hal_tim.o(i.TIM_Base_SetConfig)
    TIM_CCxChannelCmd                        0x08004dbd   Thumb Code    26  stm32f4xx_hal_tim.o(i.TIM_CCxChannelCmd)
    TIM_OC2_SetConfig                        0x08004e39   Thumb Code    98  stm32f4xx_hal_tim.o(i.TIM_OC2_SetConfig)
    UART_Start_Receive_IT                    0x08005189   Thumb Code    54  stm32f4xx_hal_uart.o(i.UART_Start_Receive_IT)
    USART1_IRQHandler                        0x08005239   Thumb Code     6  stm32f4xx_it.o(i.USART1_IRQHandler)
    USART2_IRQHandler                        0x08005245   Thumb Code     6  stm32f4xx_it.o(i.USART2_IRQHandler)
    USART3_IRQHandler                        0x08005251   Thumb Code     6  stm32f4xx_it.o(i.USART3_IRQHandler)
    USART6_IRQHandler                        0x0800525d   Thumb Code     6  stm32f4xx_it.o(i.USART6_IRQHandler)
    UsageFault_Handler                       0x08005269   Thumb Code     2  stm32f4xx_it.o(i.UsageFault_Handler)
    YunSu_GO                                 0x0800526d   Thumb Code    54  motor.o(i.YunSu_GO)
    YunSu_Pid_Control                        0x080052b1   Thumb Code   290  motor.o(i.YunSu_Pid_Control)
    __0printf                                0x08005405   Thumb Code    22  printfa.o(i.__0printf)
    __1printf                                0x08005405   Thumb Code     0  printfa.o(i.__0printf)
    __2printf                                0x08005405   Thumb Code     0  printfa.o(i.__0printf)
    __c89printf                              0x08005405   Thumb Code     0  printfa.o(i.__0printf)
    printf                                   0x08005405   Thumb Code     0  printfa.o(i.__0printf)
    __ARM_fpclassify                         0x08005425   Thumb Code    48  fpclassify.o(i.__ARM_fpclassify)
    __ARM_fpclassifyf                        0x08005455   Thumb Code    38  fpclassifyf.o(i.__ARM_fpclassifyf)
    __hardfp_asin                            0x080054a1   Thumb Code   770  asin.o(i.__hardfp_asin)
    __hardfp_atan2f                          0x08005801   Thumb Code   502  atan2f.o(i.__hardfp_atan2f)
    __hardfp_pow                             0x08005a51   Thumb Code  3044  pow.o(i.__hardfp_pow)
    __kernel_poly                            0x08006689   Thumb Code   248  poly.o(i.__kernel_poly)
    __mathlib_dbl_divzero                    0x08006781   Thumb Code    28  dunder.o(i.__mathlib_dbl_divzero)
    __mathlib_dbl_infnan                     0x080067b1   Thumb Code    20  dunder.o(i.__mathlib_dbl_infnan)
    __mathlib_dbl_infnan2                    0x080067c5   Thumb Code    20  dunder.o(i.__mathlib_dbl_infnan2)
    __mathlib_dbl_invalid                    0x080067d9   Thumb Code    24  dunder.o(i.__mathlib_dbl_invalid)
    __mathlib_dbl_overflow                   0x080067f9   Thumb Code    24  dunder.o(i.__mathlib_dbl_overflow)
    __mathlib_dbl_underflow                  0x08006819   Thumb Code    24  dunder.o(i.__mathlib_dbl_underflow)
    __mathlib_flt_infnan2                    0x08006839   Thumb Code     6  funder.o(i.__mathlib_flt_infnan2)
    __mathlib_flt_underflow                  0x08006841   Thumb Code    10  funder.o(i.__mathlib_flt_underflow)
    __scatterload_copy                       0x08006851   Thumb Code    14  handlers.o(i.__scatterload_copy)
    __scatterload_null                       0x0800685f   Thumb Code     2  handlers.o(i.__scatterload_null)
    __scatterload_zeroinit                   0x08006861   Thumb Code    14  handlers.o(i.__scatterload_zeroinit)
    __set_errno                              0x08006871   Thumb Code     6  errno.o(i.__set_errno)
    delay_init                               0x08007111   Thumb Code    16  bsp_delay.o(i.delay_init)
    delay_ms                                 0x08007125   Thumb Code    26  bsp_delay.o(i.delay_ms)
    delay_us                                 0x08007141   Thumb Code    48  bsp_delay.o(i.delay_us)
    fabs                                     0x08007175   Thumb Code    24  fabs.o(i.fabs)
    fputc                                    0x0800718d   Thumb Code    20  usart.o(i.fputc)
    kalman_1                                 0x080071a5   Thumb Code    66  mpu6050.o(i.kalman_1)
    main                                     0x080071e9   Thumb Code   600  main.o(i.main)
    set_pid_target                           0x08007479   Thumb Code     6  pid.o(i.set_pid_target)
    speed_pid_realize                        0x08007481   Thumb Code   136  pid.o(i.speed_pid_realize)
    sqrt                                     0x0800751d   Thumb Code   110  sqrt.o(i.sqrt)
    AHBPrescTable                            0x0800758a   Data          16  system_stm32f4xx.o(.constdata)
    APBPrescTable                            0x0800759a   Data           8  system_stm32f4xx.o(.constdata)
    __mathlib_zero                           0x08007680   Data           8  qnan.o(.constdata)
    Region$$Table$$Base                      0x08007688   Number         0  anon$$obj.o(Region$$Table)
    Region$$Table$$Limit                     0x080076a8   Number         0  anon$$obj.o(Region$$Table)
    Car_Task                                 0x20000004   Data           1  main.o(.data)
    task_dir                                 0x20000005   Data           1  main.o(.data)
    LoadOrNot                                0x20000006   Data           1  main.o(.data)
    Do_count                                 0x20000007   Data           1  main.o(.data)
    finish_11                                0x20000008   Data           1  main.o(.data)
    finish_12                                0x20000009   Data           1  main.o(.data)
    task2_dir                                0x2000000a   Data           1  main.o(.data)
    start_21                                 0x2000000b   Data           1  main.o(.data)
    task1_dir                                0x2000000c   Data           1  main.o(.data)
    systick_count                            0x20000010   Data           4  stm32f4xx_it.o(.data)
    uwTickFreq                               0x20000014   Data           1  stm32f4xx_hal.o(.data)
    uwTickPrio                               0x20000018   Data           4  stm32f4xx_hal.o(.data)
    uwTick                                   0x2000001c   Data           4  stm32f4xx_hal.o(.data)
    SystemCoreClock                          0x20000020   Data           4  system_stm32f4xx.o(.data)
    Now_Left_Dir                             0x20000028   Data           1  motor.o(.data)
    Now_Right_Dir                            0x20000029   Data           1  motor.o(.data)
    Line_flag                                0x2000002a   Data           1  motor.o(.data)
    Turn_flag                                0x2000002b   Data           1  motor.o(.data)
    Stop_flag                                0x2000002c   Data           1  motor.o(.data)
    left_en_flag                             0x2000002d   Data           1  motor.o(.data)
    right_en_flag                            0x2000002e   Data           1  motor.o(.data)
    spin_start_flag                          0x2000002f   Data           1  motor.o(.data)
    spin_succeed_flag                        0x20000030   Data           1  motor.o(.data)
    Now_Left_Pwm                             0x20000032   Data           2  motor.o(.data)
    Now_Right_Pwm                            0x20000034   Data           2  motor.o(.data)
    Left_Once_Pulse                          0x20000038   Data           4  motor.o(.data)
    Right_Once_Pulse                         0x2000003c   Data           4  motor.o(.data)
    Left_Total_Pulse                         0x20000040   Data           4  motor.o(.data)
    Right_Total_Pulse                        0x20000044   Data           4  motor.o(.data)
    last_car_yaw                             0x20000048   Data           4  motor.o(.data)
    target_yaw                               0x2000004c   Data           4  motor.o(.data)
    Left_journey_pulse                       0x20000050   Data           8  motor.o(.data)
    Right_journey_pulse                      0x20000058   Data           8  motor.o(.data)
    LineGo_Target_Maichong                   0x20000060   Data           8  motor.o(.data)
    now_car_yaw                              0x20000068   Data           4  motor.o(.data)
    spin_count                               0x2000006c   Data           2  motor.o(.data)
    L2_flag                                  0x20000070   Data           1  graysensor.o(.data)
    L1_flag                                  0x20000071   Data           1  graysensor.o(.data)
    MID_flag                                 0x20000072   Data           1  graysensor.o(.data)
    R1_flag                                  0x20000073   Data           1  graysensor.o(.data)
    R2_flag                                  0x20000074   Data           1  graysensor.o(.data)
    Search_Buchang                           0x20000078   Data           4  graysensor.o(.data)
    High_Offset                              0x2000007c   Data           4  mpu6050.o(.data)
    Computer_Rxstate                         0x200000e4   Data           1  computer_uart.o(.data)
    Computer_Rxcount                         0x200000e5   Data           1  computer_uart.o(.data)
    Computer_Rxbuffer                        0x200000e6   Data           1  computer_uart.o(.data)
    Computer_Data                            0x200000ea   Data           8  computer_uart.o(.data)
    Ble_Rxstate                              0x200000f2   Data           1  ble.o(.data)
    Ble_Rxcount                              0x200000f3   Data           1  ble.o(.data)
    Ble_Rxbuffer                             0x200000f4   Data           1  ble.o(.data)
    Ble_Data                                 0x200000f8   Data           4  ble.o(.data)
    err_dir                                  0x200000fc   Data           1  openmv.o(.data)
    err_dir2                                 0x200000fd   Data           1  openmv.o(.data)
    err_data_angel                           0x200000fe   Data           1  openmv.o(.data)
    err_data_dis                             0x200000ff   Data           1  openmv.o(.data)
    Openmv_Rxstate                           0x20000101   Data           1  openmv.o(.data)
    Openmv_Rxcount                           0x20000102   Data           1  openmv.o(.data)
    Openmv_Rxbuffer                          0x20000103   Data           1  openmv.o(.data)
    __stdout                                 0x20000108   Data           4  stdout.o(.data)
    hi2c2                                    0x20000110   Data          84  i2c.o(.bss)
    htim1                                    0x20000164   Data          72  tim.o(.bss)
    htim2                                    0x200001ac   Data          72  tim.o(.bss)
    htim3                                    0x200001f4   Data          72  tim.o(.bss)
    htim4                                    0x2000023c   Data          72  tim.o(.bss)
    htim6                                    0x20000284   Data          72  tim.o(.bss)
    huart1                                   0x200002cc   Data          68  usart.o(.bss)
    huart2                                   0x20000310   Data          68  usart.o(.bss)
    huart3                                   0x20000354   Data          68  usart.o(.bss)
    huart6                                   0x20000398   Data          68  usart.o(.bss)
    pid_left_speed                           0x200003dc   Data          32  pid.o(.bss)
    pid_right_speed                          0x200003fc   Data          32  pid.o(.bss)
    pid_left_location                        0x2000041c   Data          32  pid.o(.bss)
    pid_right_location                       0x2000043c   Data          32  pid.o(.bss)
    Angle                                    0x2000045c   Data          12  mpu6050.o(.bss)
    Mpu6050_Dat                              0x20000468   Data          16  mpu6050.o(.bss)
    Mpu6050_Offset                           0x20000478   Data          16  mpu6050.o(.bss)
    Computer_Rxbuff                          0x200004a0   Data         400  computer_uart.o(.bss)
    Ble_Rxbuff                               0x20000630   Data         400  ble.o(.bss)
    Openmv_Rxbuff                            0x200007c0   Data         400  openmv.o(.bss)
    Openmv_Data                              0x20000950   Data          12  openmv.o(.bss)
    __initial_sp                             0x20000d60   Data           0  startup_stm32f407xx.o(STACK)



==============================================================================

Memory Map of the image

  Image Entry point : 0x08000189

  Load Region LR_IROM1 (Base: 0x08000000, Size: 0x000077b8, Max: 0x00080000, ABSOLUTE)

    Execution Region ER_IROM1 (Base: 0x08000000, Size: 0x000076a8, Max: 0x00080000, ABSOLUTE)

    Base Addr    Size         Type   Attr      Idx    E Section Name        Object

    0x08000000   0x00000188   Data   RO          149    RESET               startup_stm32f407xx.o
    0x08000188   0x00000000   Code   RO         4623  * .ARM.Collect$$$$00000000  mc_w.l(entry.o)
    0x08000188   0x00000004   Code   RO         4962    .ARM.Collect$$$$00000001  mc_w.l(entry2.o)
    0x0800018c   0x00000004   Code   RO         4965    .ARM.Collect$$$$00000004  mc_w.l(entry5.o)
    0x08000190   0x00000000   Code   RO         4967    .ARM.Collect$$$$00000008  mc_w.l(entry7b.o)
    0x08000190   0x00000000   Code   RO         4969    .ARM.Collect$$$$0000000A  mc_w.l(entry8b.o)
    0x08000190   0x00000008   Code   RO         4970    .ARM.Collect$$$$0000000B  mc_w.l(entry9a.o)
    0x08000198   0x00000000   Code   RO         4972    .ARM.Collect$$$$0000000D  mc_w.l(entry10a.o)
    0x08000198   0x00000000   Code   RO         4974    .ARM.Collect$$$$0000000F  mc_w.l(entry11a.o)
    0x08000198   0x00000004   Code   RO         4963    .ARM.Collect$$$$00002712  mc_w.l(entry2.o)
    0x0800019c   0x00000024   Code   RO          150    .text               startup_stm32f407xx.o
    0x080001c0   0x00000062   Code   RO         4626    .text               mc_w.l(uldiv.o)
    0x08000222   0x00000024   Code   RO         4628    .text               mc_w.l(memseta.o)
    0x08000246   0x0000014e   Code   RO         4893    .text               mf_w.l(dadd.o)
    0x08000394   0x000000e4   Code   RO         4895    .text               mf_w.l(dmul.o)
    0x08000478   0x000000de   Code   RO         4897    .text               mf_w.l(ddiv.o)
    0x08000556   0x00000022   Code   RO         4899    .text               mf_w.l(dflti.o)
    0x08000578   0x0000001a   Code   RO         4901    .text               mf_w.l(dfltui.o)
    0x08000592   0x00000032   Code   RO         4903    .text               mf_w.l(dfixui.o)
    0x080005c4   0x00000026   Code   RO         4905    .text               mf_w.l(f2d.o)
    0x080005ea   0x00000038   Code   RO         4907    .text               mf_w.l(d2f.o)
    0x08000622   0x0000002c   Code   RO         4977    .text               mc_w.l(uidiv.o)
    0x0800064e   0x0000001e   Code   RO         4979    .text               mc_w.l(llshl.o)
    0x0800066c   0x00000020   Code   RO         4981    .text               mc_w.l(llushr.o)
    0x0800068c   0x00000024   Code   RO         4983    .text               mc_w.l(llsshr.o)
    0x080006b0   0x00000000   Code   RO         4992    .text               mc_w.l(iusefp.o)
    0x080006b0   0x0000006e   Code   RO         4993    .text               mf_w.l(fepilogue.o)
    0x0800071e   0x000000ba   Code   RO         4995    .text               mf_w.l(depilogue.o)
    0x080007d8   0x0000002e   Code   RO         4999    .text               mf_w.l(dscalb.o)
    0x08000806   0x00000030   Code   RO         5001    .text               mf_w.l(dfixul.o)
    0x08000836   0x00000002   PAD
    0x08000838   0x00000030   Code   RO         5003    .text               mf_w.l(cdrcmple.o)
    0x08000868   0x00000024   Code   RO         5005    .text               mc_w.l(init.o)
    0x0800088c   0x000000a2   Code   RO         5007    .text               mf_w.l(dsqrt.o)
    0x0800092e   0x00000002   PAD
    0x08000930   0x00000030   Code   RO         4422    i.Ble_Data_Handle   ble.o
    0x08000960   0x000000f8   Code   RO         4423    i.Ble_Receive_Data  ble.o
    0x08000a58   0x00000002   Code   RO          545    i.BusFault_Handler  stm32f4xx_it.o
    0x08000a5a   0x00000002   PAD
    0x08000a5c   0x00000084   Code   RO         3675    i.Car_Go            motor.o
    0x08000ae0   0x00000014   Code   RO         4385    i.Computer_Data_Handle  computer_uart.o
    0x08000af4   0x00000100   Code   RO         4386    i.Computer_Receive_Data  computer_uart.o
    0x08000bf4   0x00000002   Code   RO          546    i.DebugMon_Handler  stm32f4xx_it.o
    0x08000bf6   0x00000006   Code   RO          547    i.EXTI1_IRQHandler  stm32f4xx_it.o
    0x08000bfc   0x00000060   Code   RO         3676    i.Encoder_Configuration  motor.o
    0x08000c5c   0x00000004   Code   RO          157    i.Error_Handler     main.o
    0x08000c60   0x00000464   Code   RO         4195    i.GetAngle          mpu6050.o
    0x080010c4   0x00000040   Code   RO         3677    i.GetMotorPulse     motor.o
    0x08001104   0x00000118   Code   RO         3955    i.Gray_Search       graysensor.o
    0x0800121c   0x00000092   Code   RO         1637    i.HAL_DMA_Abort     stm32f4xx_hal_dma.o
    0x080012ae   0x00000024   Code   RO         1638    i.HAL_DMA_Abort_IT  stm32f4xx_hal_dma.o
    0x080012d2   0x00000006   Code   RO         1641    i.HAL_DMA_GetState  stm32f4xx_hal_dma.o
    0x080012d8   0x00000024   Code   RO         2056    i.HAL_Delay         stm32f4xx_hal.o
    0x080012fc   0x00000054   Code   RO         4514    i.HAL_GPIO_EXTI_Callback  callback_exti.o
    0x08001350   0x00000018   Code   RO         1529    i.HAL_GPIO_EXTI_IRQHandler  stm32f4xx_hal_gpio.o
    0x08001368   0x000001f0   Code   RO         1530    i.HAL_GPIO_Init     stm32f4xx_hal_gpio.o
    0x08001558   0x0000000a   Code   RO         1532    i.HAL_GPIO_ReadPin  stm32f4xx_hal_gpio.o
    0x08001562   0x0000000a   Code   RO         1534    i.HAL_GPIO_WritePin  stm32f4xx_hal_gpio.o
    0x0800156c   0x0000000c   Code   RO         2062    i.HAL_GetTick       stm32f4xx_hal.o
    0x08001578   0x00000002   Code   RO          725    i.HAL_I2C_AbortCpltCallback  stm32f4xx_hal_i2c.o
    0x0800157a   0x00000002   Code   RO          726    i.HAL_I2C_AddrCallback  stm32f4xx_hal_i2c.o
    0x0800157c   0x000000ba   Code   RO          729    i.HAL_I2C_ER_IRQHandler  stm32f4xx_hal_i2c.o
    0x08001636   0x00000230   Code   RO          730    i.HAL_I2C_EV_IRQHandler  stm32f4xx_hal_i2c.o
    0x08001866   0x00000002   Code   RO          732    i.HAL_I2C_ErrorCallback  stm32f4xx_hal_i2c.o
    0x08001868   0x00000188   Code   RO          736    i.HAL_I2C_Init      stm32f4xx_hal_i2c.o
    0x080019f0   0x00000002   Code   RO          738    i.HAL_I2C_ListenCpltCallback  stm32f4xx_hal_i2c.o
    0x080019f2   0x00000002   Code   RO          739    i.HAL_I2C_MasterRxCpltCallback  stm32f4xx_hal_i2c.o
    0x080019f4   0x00000002   Code   RO          740    i.HAL_I2C_MasterTxCpltCallback  stm32f4xx_hal_i2c.o
    0x080019f6   0x00000002   Code   RO          752    i.HAL_I2C_MemRxCpltCallback  stm32f4xx_hal_i2c.o
    0x080019f8   0x00000002   Code   RO          753    i.HAL_I2C_MemTxCpltCallback  stm32f4xx_hal_i2c.o
    0x080019fa   0x00000002   PAD
    0x080019fc   0x000001f8   Code   RO          754    i.HAL_I2C_Mem_Read  stm32f4xx_hal_i2c.o
    0x08001bf4   0x0000008c   Code   RO          342    i.HAL_I2C_MspInit   i2c.o
    0x08001c80   0x00000002   Code   RO          762    i.HAL_I2C_SlaveRxCpltCallback  stm32f4xx_hal_i2c.o
    0x08001c82   0x00000002   Code   RO          763    i.HAL_I2C_SlaveTxCpltCallback  stm32f4xx_hal_i2c.o
    0x08001c84   0x00000010   Code   RO         2068    i.HAL_IncTick       stm32f4xx_hal.o
    0x08001c94   0x00000034   Code   RO         2069    i.HAL_Init          stm32f4xx_hal.o
    0x08001cc8   0x00000040   Code   RO         2070    i.HAL_InitTick      stm32f4xx_hal.o
    0x08001d08   0x00000030   Code   RO          701    i.HAL_MspInit       stm32f4xx_hal_msp.o
    0x08001d38   0x0000001a   Code   RO         1919    i.HAL_NVIC_EnableIRQ  stm32f4xx_hal_cortex.o
    0x08001d52   0x00000002   PAD
    0x08001d54   0x00000040   Code   RO         1925    i.HAL_NVIC_SetPriority  stm32f4xx_hal_cortex.o
    0x08001d94   0x00000024   Code   RO         1926    i.HAL_NVIC_SetPriorityGrouping  stm32f4xx_hal_cortex.o
    0x08001db8   0x00000134   Code   RO         1176    i.HAL_RCC_ClockConfig  stm32f4xx_hal_rcc.o
    0x08001eec   0x00000020   Code   RO         1183    i.HAL_RCC_GetPCLK1Freq  stm32f4xx_hal_rcc.o
    0x08001f0c   0x00000020   Code   RO         1184    i.HAL_RCC_GetPCLK2Freq  stm32f4xx_hal_rcc.o
    0x08001f2c   0x00000064   Code   RO         1185    i.HAL_RCC_GetSysClockFreq  stm32f4xx_hal_rcc.o
    0x08001f90   0x0000036c   Code   RO         1188    i.HAL_RCC_OscConfig  stm32f4xx_hal_rcc.o
    0x080022fc   0x00000018   Code   RO         1928    i.HAL_SYSTICK_CLKSourceConfig  stm32f4xx_hal_cortex.o
    0x08002314   0x00000028   Code   RO         1930    i.HAL_SYSTICK_Config  stm32f4xx_hal_cortex.o
    0x0800233c   0x00000002   Code   RO         3013    i.HAL_TIMEx_BreakCallback  stm32f4xx_hal_tim_ex.o
    0x0800233e   0x00000002   Code   RO         3014    i.HAL_TIMEx_CommutCallback  stm32f4xx_hal_tim_ex.o
    0x08002340   0x00000090   Code   RO         3032    i.HAL_TIMEx_MasterConfigSynchronization  stm32f4xx_hal_tim_ex.o
    0x080023d0   0x0000005a   Code   RO         2309    i.HAL_TIM_Base_Init  stm32f4xx_hal_tim.o
    0x0800242a   0x00000002   PAD
    0x0800242c   0x0000003c   Code   RO          384    i.HAL_TIM_Base_MspInit  tim.o
    0x08002468   0x00000080   Code   RO         2314    i.HAL_TIM_Base_Start_IT  stm32f4xx_hal_tim.o
    0x080024e8   0x000000a4   Code   RO         2330    i.HAL_TIM_Encoder_Init  stm32f4xx_hal_tim.o
    0x0800258c   0x000000ec   Code   RO          386    i.HAL_TIM_Encoder_MspInit  tim.o
    0x08002678   0x0000008e   Code   RO         2333    i.HAL_TIM_Encoder_Start  stm32f4xx_hal_tim.o
    0x08002706   0x00000002   Code   RO         2343    i.HAL_TIM_IC_CaptureCallback  stm32f4xx_hal_tim.o
    0x08002708   0x00000166   Code   RO         2357    i.HAL_TIM_IRQHandler  stm32f4xx_hal_tim.o
    0x0800286e   0x00000002   PAD
    0x08002870   0x00000084   Code   RO          387    i.HAL_TIM_MspPostInit  tim.o
    0x080028f4   0x00000002   Code   RO         2360    i.HAL_TIM_OC_DelayElapsedCallback  stm32f4xx_hal_tim.o
    0x080028f6   0x000000cc   Code   RO         2381    i.HAL_TIM_PWM_ConfigChannel  stm32f4xx_hal_tim.o
    0x080029c2   0x0000005a   Code   RO         2384    i.HAL_TIM_PWM_Init  stm32f4xx_hal_tim.o
    0x08002a1c   0x00000054   Code   RO          389    i.HAL_TIM_PWM_MspInit  tim.o
    0x08002a70   0x00000002   Code   RO         2387    i.HAL_TIM_PWM_PulseFinishedCallback  stm32f4xx_hal_tim.o
    0x08002a72   0x00000002   PAD
    0x08002a74   0x000000c8   Code   RO         2389    i.HAL_TIM_PWM_Start  stm32f4xx_hal_tim.o
    0x08002b3c   0x0000018c   Code   RO         4538    i.HAL_TIM_PeriodElapsedCallback  callback_tim.o
    0x08002cc8   0x00000002   Code   RO         2400    i.HAL_TIM_TriggerCallback  stm32f4xx_hal_tim.o
    0x08002cca   0x00000002   Code   RO         3291    i.HAL_UARTEx_RxEventCallback  stm32f4xx_hal_uart.o
    0x08002ccc   0x00000002   Code   RO         3305    i.HAL_UART_ErrorCallback  stm32f4xx_hal_uart.o
    0x08002cce   0x00000002   PAD
    0x08002cd0   0x00000268   Code   RO         3308    i.HAL_UART_IRQHandler  stm32f4xx_hal_uart.o
    0x08002f38   0x00000062   Code   RO         3309    i.HAL_UART_Init     stm32f4xx_hal_uart.o
    0x08002f9a   0x00000002   PAD
    0x08002f9c   0x00000170   Code   RO          480    i.HAL_UART_MspInit  usart.o
    0x0800310c   0x0000002a   Code   RO         3314    i.HAL_UART_Receive_IT  stm32f4xx_hal_uart.o
    0x08003136   0x00000002   PAD
    0x08003138   0x0000003c   Code   RO         4562    i.HAL_UART_RxCpltCallback  callback_uart.o
    0x08003174   0x000000b2   Code   RO         3317    i.HAL_UART_Transmit  stm32f4xx_hal_uart.o
    0x08003226   0x00000002   Code   RO         3320    i.HAL_UART_TxCpltCallback  stm32f4xx_hal_uart.o
    0x08003228   0x00000002   Code   RO          548    i.HardFault_Handler  stm32f4xx_it.o
    0x0800322a   0x00000002   PAD
    0x0800322c   0x0000000c   Code   RO          549    i.I2C2_ER_IRQHandler  stm32f4xx_it.o
    0x08003238   0x0000000c   Code   RO          550    i.I2C2_EV_IRQHandler  stm32f4xx_it.o
    0x08003244   0x000000bc   Code   RO          774    i.I2C_DMAAbort      stm32f4xx_hal_i2c.o
    0x08003300   0x00000158   Code   RO          777    i.I2C_ITError       stm32f4xx_hal_i2c.o
    0x08003458   0x0000002e   Code   RO          778    i.I2C_IsAcknowledgeFailed  stm32f4xx_hal_i2c.o
    0x08003486   0x000000d2   Code   RO          779    i.I2C_MasterReceive_BTF  stm32f4xx_hal_i2c.o
    0x08003558   0x000000e8   Code   RO          780    i.I2C_MasterReceive_RXNE  stm32f4xx_hal_i2c.o
    0x08003640   0x00000082   Code   RO          783    i.I2C_MasterTransmit_BTF  stm32f4xx_hal_i2c.o
    0x080036c2   0x00000002   PAD
    0x080036c4   0x000000b6   Code   RO          784    i.I2C_MasterTransmit_TXE  stm32f4xx_hal_i2c.o
    0x0800377a   0x00000002   PAD
    0x0800377c   0x00000118   Code   RO          785    i.I2C_Master_ADDR   stm32f4xx_hal_i2c.o
    0x08003894   0x0000008c   Code   RO          786    i.I2C_Master_SB     stm32f4xx_hal_i2c.o
    0x08003920   0x000000a0   Code   RO          787    i.I2C_MemoryTransmit_TXE_BTF  stm32f4xx_hal_i2c.o
    0x080039c0   0x000000fc   Code   RO          788    i.I2C_RequestMemoryRead  stm32f4xx_hal_i2c.o
    0x08003abc   0x00000046   Code   RO          790    i.I2C_Slave_ADDR    stm32f4xx_hal_i2c.o
    0x08003b02   0x00000002   PAD
    0x08003b04   0x00000084   Code   RO          791    i.I2C_Slave_AF      stm32f4xx_hal_i2c.o
    0x08003b88   0x0000015c   Code   RO          792    i.I2C_Slave_STOPF   stm32f4xx_hal_i2c.o
    0x08003ce4   0x00000068   Code   RO          794    i.I2C_WaitOnFlagUntilTimeout  stm32f4xx_hal_i2c.o
    0x08003d4c   0x00000096   Code   RO          795    i.I2C_WaitOnMasterAddressFlagUntilTimeout  stm32f4xx_hal_i2c.o
    0x08003de2   0x00000066   Code   RO          796    i.I2C_WaitOnRXNEFlagUntilTimeout  stm32f4xx_hal_i2c.o
    0x08003e48   0x0000004c   Code   RO          797    i.I2C_WaitOnTXEFlagUntilTimeout  stm32f4xx_hal_i2c.o
    0x08003e94   0x0000001c   Code   RO         3679    i.Left_Enable       motor.o
    0x08003eb0   0x00000042   Code   RO         4197    i.MPU6050ReadAcc    mpu6050.o
    0x08003ef2   0x00000042   Code   RO         4198    i.MPU6050ReadGyro   mpu6050.o
    0x08003f34   0x00000120   Code   RO         4201    i.MPU6050_ReadAll   mpu6050.o
    0x08004054   0x00000028   Code   RO         4202    i.MPU6050_ReadData  mpu6050.o
    0x0800407c   0x00000054   Code   RO         4203    i.MPU6050_ReturnTemp  mpu6050.o
    0x080040d0   0x0000011c   Code   RO          313    i.MX_GPIO_Init      gpio.o
    0x080041ec   0x00000040   Code   RO          343    i.MX_I2C2_Init      i2c.o
    0x0800422c   0x00000070   Code   RO          390    i.MX_TIM1_Init      tim.o
    0x0800429c   0x0000006c   Code   RO          391    i.MX_TIM2_Init      tim.o
    0x08004308   0x00000080   Code   RO          392    i.MX_TIM3_Init      tim.o
    0x08004388   0x00000080   Code   RO          393    i.MX_TIM4_Init      tim.o
    0x08004408   0x00000048   Code   RO          394    i.MX_TIM6_Init      tim.o
    0x08004450   0x00000038   Code   RO          481    i.MX_USART1_UART_Init  usart.o
    0x08004488   0x00000038   Code   RO          482    i.MX_USART2_UART_Init  usart.o
    0x080044c0   0x00000038   Code   RO          483    i.MX_USART3_UART_Init  usart.o
    0x080044f8   0x00000038   Code   RO          484    i.MX_USART6_UART_Init  usart.o
    0x08004530   0x00000002   Code   RO          551    i.MemManage_Handler  stm32f4xx_it.o
    0x08004532   0x00000002   PAD
    0x08004534   0x00000028   Code   RO         3680    i.Motor_L_back      motor.o
    0x0800455c   0x00000028   Code   RO         3681    i.Motor_L_forward   motor.o
    0x08004584   0x00000028   Code   RO         3682    i.Motor_L_stop      motor.o
    0x080045ac   0x00000028   Code   RO         3683    i.Motor_R_back      motor.o
    0x080045d4   0x00000028   Code   RO         3684    i.Motor_R_forward   motor.o
    0x080045fc   0x00000020   Code   RO         3685    i.Motor_R_stop      motor.o
    0x0800461c   0x00000034   Code   RO         3686    i.Motors_Control    motor.o
    0x08004650   0x00000028   Code   RO         4206    i.Mpu_Read_Yaw      mpu6050.o
    0x08004678   0x00000002   Code   RO          552    i.NMI_Handler       stm32f4xx_it.o
    0x0800467a   0x00000002   PAD
    0x0800467c   0x00000038   Code   RO         3990    i.OLED_Fill         oled.o
    0x080046b4   0x000000f8   Code   RO         3991    i.OLED_Init         oled.o
    0x080047ac   0x00000024   Code   RO         3998    i.OLED_Set_Pos      oled.o
    0x080047d0   0x00000064   Code   RO         4000    i.OLED_WrCmd        oled.o
    0x08004834   0x00000060   Code   RO         4001    i.OLED_WrDat        oled.o
    0x08004894   0x0000006c   Code   RO         4465    i.Openmv_Data_Handle  openmv.o
    0x08004900   0x00000100   Code   RO         4466    i.Openmv_Recive_Data  openmv.o
    0x08004a00   0x000000b0   Code   RO         3836    i.PID_param_init    pid.o
    0x08004ab0   0x00000002   Code   RO          553    i.PendSV_Handler    stm32f4xx_it.o
    0x08004ab2   0x00000002   PAD
    0x08004ab4   0x0000002c   Code   RO         4207    i.Q_rsqrt           mpu6050.o
    0x08004ae0   0x0000001c   Code   RO         3688    i.Right_Enable      motor.o
    0x08004afc   0x00000002   Code   RO          554    i.SVC_Handler       stm32f4xx_it.o
    0x08004afe   0x00000002   PAD
    0x08004b00   0x0000002c   Code   RO         3689    i.Set_Left_Dir      motor.o
    0x08004b2c   0x00000014   Code   RO         3690    i.Set_Left_Speed    motor.o
    0x08004b40   0x0000002c   Code   RO         3691    i.Set_Right_Dir     motor.o
    0x08004b6c   0x00000014   Code   RO         3692    i.Set_Right_Speed   motor.o
    0x08004b80   0x00000070   Code   RO         3694    i.Spin_Turn         motor.o
    0x08004bf0   0x0000001c   Code   RO          555    i.SysTick_Handler   stm32f4xx_it.o
    0x08004c0c   0x00000090   Code   RO          158    i.SystemClock_Config  main.o
    0x08004c9c   0x00000010   Code   RO         3638    i.SystemInit        system_stm32f4xx.o
    0x08004cac   0x0000000c   Code   RO          556    i.TIM1_BRK_TIM9_IRQHandler  stm32f4xx_it.o
    0x08004cb8   0x0000000c   Code   RO          557    i.TIM1_CC_IRQHandler  stm32f4xx_it.o
    0x08004cc4   0x0000000c   Code   RO          558    i.TIM1_TRG_COM_TIM11_IRQHandler  stm32f4xx_it.o
    0x08004cd0   0x0000000c   Code   RO          559    i.TIM1_UP_TIM10_IRQHandler  stm32f4xx_it.o
    0x08004cdc   0x0000000c   Code   RO          560    i.TIM3_IRQHandler   stm32f4xx_it.o
    0x08004ce8   0x0000000c   Code   RO          561    i.TIM6_DAC_IRQHandler  stm32f4xx_it.o
    0x08004cf4   0x000000c8   Code   RO         2402    i.TIM_Base_SetConfig  stm32f4xx_hal_tim.o
    0x08004dbc   0x0000001a   Code   RO         2403    i.TIM_CCxChannelCmd  stm32f4xx_hal_tim.o
    0x08004dd6   0x00000002   PAD
    0x08004dd8   0x00000060   Code   RO         2415    i.TIM_OC1_SetConfig  stm32f4xx_hal_tim.o
    0x08004e38   0x0000006c   Code   RO         2416    i.TIM_OC2_SetConfig  stm32f4xx_hal_tim.o
    0x08004ea4   0x00000068   Code   RO         2417    i.TIM_OC3_SetConfig  stm32f4xx_hal_tim.o
    0x08004f0c   0x00000050   Code   RO         2418    i.TIM_OC4_SetConfig  stm32f4xx_hal_tim.o
    0x08004f5c   0x00000010   Code   RO         3322    i.UART_DMAAbortOnError  stm32f4xx_hal_uart.o
    0x08004f6c   0x0000004e   Code   RO         3332    i.UART_EndRxTransfer  stm32f4xx_hal_uart.o
    0x08004fba   0x000000c0   Code   RO         3334    i.UART_Receive_IT   stm32f4xx_hal_uart.o
    0x0800507a   0x00000002   PAD
    0x0800507c   0x0000010c   Code   RO         3335    i.UART_SetConfig    stm32f4xx_hal_uart.o
    0x08005188   0x00000036   Code   RO         3337    i.UART_Start_Receive_IT  stm32f4xx_hal_uart.o
    0x080051be   0x00000078   Code   RO         3338    i.UART_WaitOnFlagUntilTimeout  stm32f4xx_hal_uart.o
    0x08005236   0x00000002   PAD
    0x08005238   0x0000000c   Code   RO          562    i.USART1_IRQHandler  stm32f4xx_it.o
    0x08005244   0x0000000c   Code   RO          563    i.USART2_IRQHandler  stm32f4xx_it.o
    0x08005250   0x0000000c   Code   RO          564    i.USART3_IRQHandler  stm32f4xx_it.o
    0x0800525c   0x0000000c   Code   RO          565    i.USART6_IRQHandler  stm32f4xx_it.o
    0x08005268   0x00000002   Code   RO          566    i.UsageFault_Handler  stm32f4xx_it.o
    0x0800526a   0x00000002   PAD
    0x0800526c   0x00000044   Code   RO         3695    i.YunSu_GO          motor.o
    0x080052b0   0x00000154   Code   RO         3696    i.YunSu_Pid_Control  motor.o
    0x08005404   0x00000020   Code   RO         4865    i.__0printf         mc_w.l(printfa.o)
    0x08005424   0x00000030   Code   RO         4929    i.__ARM_fpclassify  m_wm.l(fpclassify.o)
    0x08005454   0x00000026   Code   RO         4931    i.__ARM_fpclassifyf  m_wm.l(fpclassifyf.o)
    0x0800547a   0x00000020   Code   RO         1932    i.__NVIC_SetPriority  stm32f4xx_hal_cortex.o
    0x0800549a   0x00000006   PAD
    0x080054a0   0x00000360   Code   RO         4583    i.__hardfp_asin     m_wm.l(asin.o)
    0x08005800   0x00000250   Code   RO         4597    i.__hardfp_atan2f   m_wm.l(atan2f.o)
    0x08005a50   0x00000c38   Code   RO         4609    i.__hardfp_pow      m_wm.l(pow.o)
    0x08006688   0x000000f8   Code   RO         4947    i.__kernel_poly     m_wm.l(poly.o)
    0x08006780   0x00000030   Code   RO         4909    i.__mathlib_dbl_divzero  m_wm.l(dunder.o)
    0x080067b0   0x00000014   Code   RO         4910    i.__mathlib_dbl_infnan  m_wm.l(dunder.o)
    0x080067c4   0x00000014   Code   RO         4911    i.__mathlib_dbl_infnan2  m_wm.l(dunder.o)
    0x080067d8   0x00000020   Code   RO         4912    i.__mathlib_dbl_invalid  m_wm.l(dunder.o)
    0x080067f8   0x00000020   Code   RO         4913    i.__mathlib_dbl_overflow  m_wm.l(dunder.o)
    0x08006818   0x00000020   Code   RO         4915    i.__mathlib_dbl_underflow  m_wm.l(dunder.o)
    0x08006838   0x00000006   Code   RO         4935    i.__mathlib_flt_infnan2  m_wm.l(funder.o)
    0x0800683e   0x00000002   PAD
    0x08006840   0x00000010   Code   RO         4939    i.__mathlib_flt_underflow  m_wm.l(funder.o)
    0x08006850   0x0000000e   Code   RO         5013    i.__scatterload_copy  mc_w.l(handlers.o)
    0x0800685e   0x00000002   Code   RO         5014    i.__scatterload_null  mc_w.l(handlers.o)
    0x08006860   0x0000000e   Code   RO         5015    i.__scatterload_zeroinit  mc_w.l(handlers.o)
    0x0800686e   0x00000002   PAD
    0x08006870   0x0000000c   Code   RO         4987    i.__set_errno       mc_w.l(errno.o)
    0x0800687c   0x00000164   Code   RO         4872    i._fp_digits        mc_w.l(printfa.o)
    0x080069e0   0x000006dc   Code   RO         4873    i._printf_core      mc_w.l(printfa.o)
    0x080070bc   0x00000024   Code   RO         4874    i._printf_post_padding  mc_w.l(printfa.o)
    0x080070e0   0x0000002e   Code   RO         4875    i._printf_pre_padding  mc_w.l(printfa.o)
    0x0800710e   0x00000002   PAD
    0x08007110   0x00000014   Code   RO            4    i.delay_init        bsp_delay.o
    0x08007124   0x0000001a   Code   RO            5    i.delay_ms          bsp_delay.o
    0x0800713e   0x00000002   PAD
    0x08007140   0x00000034   Code   RO            6    i.delay_us          bsp_delay.o
    0x08007174   0x00000018   Code   RO         4925    i.fabs              m_wm.l(fabs.o)
    0x0800718c   0x00000018   Code   RO          485    i.fputc             usart.o
    0x080071a4   0x00000042   Code   RO         4208    i.kalman_1          mpu6050.o
    0x080071e6   0x00000002   PAD
    0x080071e8   0x00000290   Code   RO          159    i.main              main.o
    0x08007478   0x00000006   Code   RO         3839    i.set_pid_target    pid.o
    0x0800747e   0x00000002   PAD
    0x08007480   0x0000009c   Code   RO         3840    i.speed_pid_realize  pid.o
    0x0800751c   0x0000006e   Code   RO         4952    i.sqrt              m_wm.l(sqrt.o)
    0x0800758a   0x00000010   Data   RO         3639    .constdata          system_stm32f4xx.o
    0x0800759a   0x00000008   Data   RO         3640    .constdata          system_stm32f4xx.o
    0x080075a2   0x00000006   PAD
    0x080075a8   0x00000050   Data   RO         4586    .constdata          m_wm.l(asin.o)
    0x080075f8   0x00000088   Data   RO         4612    .constdata          m_wm.l(pow.o)
    0x08007680   0x00000008   Data   RO         4949    .constdata          m_wm.l(qnan.o)
    0x08007688   0x00000020   Data   RO         5011    Region$$Table       anon$$obj.o


    Execution Region RW_IRAM1 (Base: 0x20000000, Size: 0x00000d60, Max: 0x0001c000, ABSOLUTE)

    Base Addr    Size         Type   Attr      Idx    E Section Name        Object

    0x20000000   0x00000004   Data   RW            7    .data               bsp_delay.o
    0x20000004   0x00000008   Data   RW          161    .data               main.o
    0x2000000c   0x00000001   Data   RW          162    .data               main.o
    0x2000000d   0x00000003   PAD
    0x20000010   0x00000004   Data   RW          567    .data               stm32f4xx_it.o
    0x20000014   0x0000000c   Data   RW         2076    .data               stm32f4xx_hal.o
    0x20000020   0x00000004   Data   RW         3641    .data               system_stm32f4xx.o
    0x20000024   0x00000004   PAD
    0x20000028   0x00000040   Data   RW         3700    .data               motor.o
    0x20000068   0x00000004   Data   RW         3701    .data               motor.o
    0x2000006c   0x00000002   Data   RW         3706    .data               motor.o
    0x2000006e   0x00000002   PAD
    0x20000070   0x0000000c   Data   RW         3956    .data               graysensor.o
    0x2000007c   0x00000068   Data   RW         4215    .data               mpu6050.o
    0x200000e4   0x0000000e   Data   RW         4388    .data               computer_uart.o
    0x200000f2   0x0000000a   Data   RW         4426    .data               ble.o
    0x200000fc   0x0000000a   Data   RW         4470    .data               openmv.o
    0x20000106   0x00000002   PAD
    0x20000108   0x00000004   Data   RW         4976    .data               mc_w.l(stdout.o)
    0x2000010c   0x00000004   Data   RW         4988    .data               mc_w.l(errno.o)
    0x20000110   0x00000054   Zero   RW          344    .bss                i2c.o
    0x20000164   0x00000168   Zero   RW          395    .bss                tim.o
    0x200002cc   0x00000110   Zero   RW          486    .bss                usart.o
    0x200003dc   0x00000080   Zero   RW         3841    .bss                pid.o
    0x2000045c   0x00000044   Zero   RW         4209    .bss                mpu6050.o
    0x200004a0   0x00000190   Zero   RW         4387    .bss                computer_uart.o
    0x20000630   0x00000190   Zero   RW         4425    .bss                ble.o
    0x200007c0   0x0000019c   Zero   RW         4469    .bss                openmv.o
    0x2000095c   0x00000004   PAD
    0x20000960   0x00000400   Zero   RW          147    STACK               startup_stm32f407xx.o


    Execution Region RW_IRAM2 (Base: 0x2001c000, Size: 0x00000000, Max: 0x00004000, ABSOLUTE)

    **** No section assigned to this execution region ****


==============================================================================

Image component sizes


      Code (inc. data)   RO Data    RW Data    ZI Data      Debug   Object Name

       296         46          0         10        400       2056   ble.o
        98          8          0          4          0     701611   bsp_delay.o
        84         12          0          0          0        629   callback_exti.o
       396         74          0          0          0       1224   callback_tim.o
        60         14          0          0          0        954   callback_uart.o
       276         30          0         14        400       2335   computer_uart.o
       284         20          0          0          0       1111   gpio.o
       280         36          0         12          0       1176   graysensor.o
       204         28          0          0         84       1737   i2c.o
       804         82          0          9          0       4994   main.o
      1280        216          0         70          0      13573   motor.o
      1818         84          0        104         68      18743   mpu6050.o
       536         16          0          0          0       3561   oled.o
       364         54          0         10        412       2401   openmv.o
       338         46          0          0        128       2832   pid.o
        36          8        392          0       1024        804   startup_stm32f407xx.o
       180         28          0         12          0       9497   stm32f4xx_hal.o
       222         14          0          0          0      34557   stm32f4xx_hal_cortex.o
       188          0          0          0          0       2706   stm32f4xx_hal_dma.o
       540         52          0          0          0       3506   stm32f4xx_hal_gpio.o
      4808         74          0          0          0      29656   stm32f4xx_hal_i2c.o
        48          6          0          0          0        882   stm32f4xx_hal_msp.o
      1348         76          0          0          0       5300   stm32f4xx_hal_rcc.o
      1998        136          0          0          0      15135   stm32f4xx_hal_tim.o
       148         28          0          0          0       2513   stm32f4xx_hal_tim_ex.o
      1668         16          0          0          0      11336   stm32f4xx_hal_uart.o
       194         76          0          4          0      11178   stm32f4xx_it.o
        16          4         24          4          0       1171   system_stm32f4xx.o
      1060        102          0          0        360       6536   tim.o
       616         70          0          0        272       4549   usart.o

    ----------------------------------------------------------------------
     20242       1456        454        264       3152     898263   Object Totals
         0          0         32          0          0          0   (incl. Generated)
        54          0          6         11          4          0   (incl. Padding)

    ----------------------------------------------------------------------

      Code (inc. data)   RO Data    RW Data    ZI Data      Debug   Library Member Name

       864         94         80          0          0        280   asin.o
       592         90          0          0          0        184   atan2f.o
       184         44          0          0          0        744   dunder.o
        24          0          0          0          0        124   fabs.o
        48          0          0          0          0        124   fpclassify.o
        38          0          0          0          0        116   fpclassifyf.o
        22          6          0          0          0        232   funder.o
       248          0          0          0          0        152   poly.o
      3128        302        136          0          0        356   pow.o
         0          0          8          0          0          0   qnan.o
       110          0          0          0          0        148   sqrt.o
         0          0          0          0          0          0   entry.o
         0          0          0          0          0          0   entry10a.o
         0          0          0          0          0          0   entry11a.o
         8          4          0          0          0          0   entry2.o
         4          0          0          0          0          0   entry5.o
         0          0          0          0          0          0   entry7b.o
         0          0          0          0          0          0   entry8b.o
         8          4          0          0          0          0   entry9a.o
        12          6          0          4          0         68   errno.o
        30          0          0          0          0          0   handlers.o
        36          8          0          0          0         68   init.o
         0          0          0          0          0          0   iusefp.o
        30          0          0          0          0         68   llshl.o
        36          0          0          0          0         68   llsshr.o
        32          0          0          0          0         68   llushr.o
        36          0          0          0          0        108   memseta.o
      2226         90          0          0          0        444   printfa.o
         0          0          0          4          0          0   stdout.o
        44          0          0          0          0         80   uidiv.o
        98          0          0          0          0         92   uldiv.o
        48          0          0          0          0         68   cdrcmple.o
        56          0          0          0          0         88   d2f.o
       334          0          0          0          0        148   dadd.o
       222          0          0          0          0        100   ddiv.o
       186          0          0          0          0        176   depilogue.o
        50          0          0          0          0         76   dfixui.o
        48          0          0          0          0         68   dfixul.o
        34          0          0          0          0         76   dflti.o
        26          0          0          0          0         76   dfltui.o
       228          0          0          0          0         96   dmul.o
        46          0          0          0          0         80   dscalb.o
       162          0          0          0          0        100   dsqrt.o
        38          0          0          0          0         68   f2d.o
       110          0          0          0          0        168   fepilogue.o

    ----------------------------------------------------------------------
      9456        648        224          8          0       4912   Library Totals
        10          0          0          0          0          0   (incl. Padding)

    ----------------------------------------------------------------------

      Code (inc. data)   RO Data    RW Data    ZI Data      Debug   Library Name

      5258        536        224          0          0       2460   m_wm.l
      2600        112          0          8          0       1064   mc_w.l
      1588          0          0          0          0       1388   mf_w.l

    ----------------------------------------------------------------------
      9456        648        224          8          0       4912   Library Totals

    ----------------------------------------------------------------------

==============================================================================


      Code (inc. data)   RO Data    RW Data    ZI Data      Debug   

     29698       2104        678        272       3152     883431   Grand Totals
     29698       2104        678        272       3152     883431   ELF Image Totals
     29698       2104        678        272          0          0   ROM Totals

==============================================================================

    Total RO  Size (Code + RO Data)                30376 (  29.66kB)
    Total RW  Size (RW Data + ZI Data)              3424 (   3.34kB)
    Total ROM Size (Code + RO Data + RW Data)      30648 (  29.93kB)

==============================================================================

